Gym has been unmaintained since 2022 and does not support NumPy 2.0 amongst other critical functionality.
Please upgrade to Gymnasium, the maintained drop-in replacement of Gym, or contact the authors of your software and request that they upgrade.
Users of this version of Gym should be able to simply replace 'import gym' with 'import gymnasium as gym' in the vast majority of cases.
See the migration guide at https://gymnasium.farama.org/introduction/migration_guide/ for additional information.
wandb: WARNING Using a boolean value for 'reinit' is deprecated. Use 'return_previous' or 'finish_previous' instead.
wandb: Tracking run with wandb version 0.27.0
wandb: W&B syncing is set to `offline` in this directory. Run `wandb online` or set WANDB_MODE=online to enable cloud syncing.
wandb: Run data is saved locally in /home/kg23671/projects/mcs_codebase/on-policy/onpolicy/scripts/results/SwarmEnv/rmappo/global-10-nofault/wandb/offline-run-20260517_220920-6obwah80
u are choosing to use rmappo, we set use_recurrent_policy to be True
choose to use gpu...
/home/kg23671/.venv/marl/lib/python3.12/site-packages/torch/cuda/__init__.py:235: UserWarning: 
NVIDIA RTX PRO 500 Blackwell Generation Laptop GPU with CUDA capability sm_120 is not compatible with the current PyTorch installation.
The current PyTorch install supports CUDA capabilities sm_50 sm_60 sm_70 sm_75 sm_80 sm_86 sm_90.
If you want to use the NVIDIA RTX PRO 500 Blackwell Generation Laptop GPU GPU with PyTorch, please check the instructions at https://pytorch.org/get-started/locally/

  warnings.warn(
obs_space:  [Box(-inf, inf, (12,), float64), Box(-inf, inf, (12,), float64), Box(-inf, inf, (12,), float64), Box(-inf, inf, (12,), float64), Box(-inf, inf, (12,), float64), Box(-inf, inf, (12,), float64), Box(-inf, inf, (12,), float64), Box(-inf, inf, (12,), float64), Box(-inf, inf, (12,), float64), Box(-inf, inf, (12,), float64)]
share_obs_space:  Box(-inf, inf, (160,), float64)
act_space:  [Discrete(13), Discrete(13), Discrete(13), Discrete(13), Discrete(13), Discrete(13), Discrete(13), Discrete(13), Discrete(13), Discrete(13)]
Traceback (most recent call last):
  File "/home/kg23671/projects/mcs_codebase/on-policy/onpolicy/scripts/train/train_swarm.py", line 178, in <module>
    main(sys.argv[1:])
  File "/home/kg23671/projects/mcs_codebase/on-policy/onpolicy/scripts/train/train_swarm.py", line 163, in main
    runner = Runner(config)
             ^^^^^^^^^^^^^^
  File "/home/kg23671/projects/mcs_codebase/on-policy/onpolicy/runner/shared/swarm_runner.py", line 11, in __init__
    super(SwarmRunner, self).__init__(config)
  File "/home/kg23671/projects/mcs_codebase/on-policy/onpolicy/runner/shared/base_runner.py", line 83, in __init__
    self.policy = Policy(self.all_args, self.envs.observation_space[0], share_observation_space, self.envs.action_space[0], device = self.device)
                  ^^^^^^^^^^^^^^^^^^^^^^^^^^^^^^^^^^^^^^^^^^^^^^^^^^^^^^^^^^^^^^^^^^^^^^^^^^^^^^^^^^^^^^^^^^^^^^^^^^^^^^^^^^^^^^^^^^^^^^^^^^^^^^^
  File "/home/kg23671/projects/mcs_codebase/on-policy/onpolicy/algorithms/r_mappo/algorithm/rMAPPOPolicy.py", line 28, in __init__
    self.actor = R_Actor(args, self.obs_space, self.act_space, self.device)
                 ^^^^^^^^^^^^^^^^^^^^^^^^^^^^^^^^^^^^^^^^^^^^^^^^^^^^^^^^^^
  File "/home/kg23671/projects/mcs_codebase/on-policy/onpolicy/algorithms/r_mappo/algorithm/r_actor_critic.py", line 41, in __init__
    self.to(device)
  File "/home/kg23671/.venv/marl/lib/python3.12/site-packages/torch/nn/modules/module.py", line 1340, in to
    return self._apply(convert)
           ^^^^^^^^^^^^^^^^^^^^
  File "/home/kg23671/.venv/marl/lib/python3.12/site-packages/torch/nn/modules/module.py", line 900, in _apply
    module._apply(fn)
  File "/home/kg23671/.venv/marl/lib/python3.12/site-packages/torch/nn/modules/module.py", line 900, in _apply
    module._apply(fn)
  File "/home/kg23671/.venv/marl/lib/python3.12/site-packages/torch/nn/modules/rnn.py", line 288, in _apply
    self._init_flat_weights()
  File "/home/kg23671/.venv/marl/lib/python3.12/site-packages/torch/nn/modules/rnn.py", line 215, in _init_flat_weights
    self.flatten_parameters()
  File "/home/kg23671/.venv/marl/lib/python3.12/site-packages/torch/nn/modules/rnn.py", line 269, in flatten_parameters
    torch._cudnn_rnn_flatten_weight(
RuntimeError: CUDA error: no kernel image is available for execution on the device
CUDA kernel errors might be asynchronously reported at some other API call, so the stacktrace below might be incorrect.
For debugging consider passing CUDA_LAUNCH_BLOCKING=1
Compile with `TORCH_USE_CUDA_DSA` to enable device-side assertions.

[1;34mwandb[0m: 
[1;34mwandb[0m: You can sync this run to the cloud by running:
[1;34mwandb[0m: [1mwandb sync /home/kg23671/projects/mcs_codebase/on-policy/onpolicy/scripts/results/SwarmEnv/rmappo/global-10-nofault/wandb/offline-run-20260517_220920-6obwah80[0m
[1;34mwandb[0m: Find logs at: [1;35mresults/SwarmEnv/rmappo/global-10-nofault/wandb/offline-run-20260517_220920-6obwah80/logs[0m
env is SwarmEnv, scenario is single_transport_small, algo is rmappo, exp is global-10-nofault, max seed is 1
seed is 1:
Command failed with error: Command '['/home/kg23671/.venv/marl/bin/python', 'train/train_swarm.py', '--env_name', 'SwarmEnv', '--algorithm_name', 'rmappo', '--experiment_name', 'global-10-nofault', '--scenario_name', 'single_transport_small', '--delivery_bias', '1', '--num_agents', '10', '--num_boxes', '10', '--arena_width', '500', '--arena_height', '500', '--seed', '1', '--n_training_threads', '1', '--n_eval_rollout_threads', '1', '--n_rollout_threads', '16', '--num_mini_batch', '1', '--episode_length', '500', '--num_env_steps', '200_000_000', '--ppo_epoch', '10', '--use_ReLU', '--gain', '0.01', '--lr', '7e-4', '--critic_lr', '1e-4', '--wandb_name', 'xxx', '--user_name', 'ygalboraei-university-of-bristol', '--clip_param', '0.2', '--stacked_frames', '6', '--use_stacked_frames', '--hidden_size', '128', '--layer_N', '3', '--entropy_coef', '0.015', '--data_chunk_length', '32']' returned non-zero exit status 1.
