Gym has been unmaintained since 2022 and does not support NumPy 2.0 amongst other critical functionality.
Please upgrade to Gymnasium, the maintained drop-in replacement of Gym, or contact the authors of your software and request that they upgrade.
Users of this version of Gym should be able to simply replace 'import gym' with 'import gymnasium as gym' in the vast majority of cases.
See the migration guide at https://gymnasium.farama.org/introduction/migration_guide/ for additional information.
[STNF-SE] obs_dim=12, share_dim=160, act_dim=13
[STNF-SE] actor loaded from /home/kg23671/projects/mcs_codebase/on-policy/onpolicy/tests/best_st_nofault
[STNF-SE] grid cells: 41, seeds per cell: 30, total runs: 1230
  [1/1230] N0T0 seed=8505 → simulation_data_run1_N0T0.csv (4s elapsed)
  [2/1230] N0T0 seed=6369 → simulation_data_run2_N0T0.csv (9s elapsed)
  [3/1230] N0T0 seed=5111 → simulation_data_run3_N0T0.csv (13s elapsed)
  [4/1230] N0T0 seed=2698 → simulation_data_run4_N0T0.csv (18s elapsed)
  [5/1230] N0T0 seed=3078 → simulation_data_run5_N0T0.csv (23s elapsed)
  [6/1230] N0T0 seed=410 → simulation_data_run6_N0T0.csv (29s elapsed)
  [7/1230] N0T0 seed=753 → simulation_data_run7_N0T0.csv (33s elapsed)
  [8/1230] N0T0 seed=166 → simulation_data_run8_N0T0.csv (38s elapsed)
  [9/1230] N0T0 seed=1753 → simulation_data_run9_N0T0.csv (42s elapsed)
  [10/1230] N0T0 seed=8132 → simulation_data_run10_N0T0.csv (46s elapsed)
  [11/1230] N0T0 seed=6493 → simulation_data_run11_N0T0.csv (51s elapsed)
  [12/1230] N0T0 seed=9126 → simulation_data_run12_N0T0.csv (57s elapsed)
  [13/1230] N0T0 seed=5036 → simulation_data_run13_N0T0.csv (62s elapsed)
  [14/1230] N0T0 seed=6066 → simulation_data_run14_N0T0.csv (66s elapsed)
  [15/1230] N0T0 seed=9706 → simulation_data_run15_N0T0.csv (70s elapsed)
  [16/1230] N0T0 seed=7294 → simulation_data_run16_N0T0.csv (74s elapsed)
  [17/1230] N0T0 seed=6322 → simulation_data_run17_N0T0.csv (79s elapsed)
  [18/1230] N0T0 seed=5436 → simulation_data_run18_N0T0.csv (84s elapsed)
  [19/1230] N0T0 seed=5599 → simulation_data_run19_N0T0.csv (89s elapsed)
  [20/1230] N0T0 seed=9349 → simulation_data_run20_N0T0.csv (93s elapsed)
  [21/1230] N0T0 seed=2773 → simulation_data_run21_N0T0.csv (97s elapsed)
  [22/1230] N0T0 seed=8157 → simulation_data_run22_N0T0.csv (101s elapsed)
  [23/1230] N0T0 seed=6708 → simulation_data_run23_N0T0.csv (106s elapsed)
  [24/1230] N0T0 seed=28 → simulation_data_run24_N0T0.csv (111s elapsed)
  [25/1230] N0T0 seed=3941 → simulation_data_run25_N0T0.csv (115s elapsed)
  [26/1230] N0T0 seed=8573 → simulation_data_run26_N0T0.csv (119s elapsed)
  [27/1230] N0T0 seed=5543 → simulation_data_run27_N0T0.csv (123s elapsed)
  [28/1230] N0T0 seed=336 → simulation_data_run28_N0T0.csv (127s elapsed)
  [29/1230] N0T0 seed=7648 → simulation_data_run29_N0T0.csv (131s elapsed)
  [30/1230] N0T0 seed=7296 → simulation_data_run30_N0T0.csv (136s elapsed)
  [31/1230] N1T3 seed=8465 → simulation_data_run31_N1T3.csv (140s elapsed)
  [32/1230] N1T3 seed=1757 → simulation_data_run32_N1T3.csv (144s elapsed)
  [33/1230] N1T3 seed=893 → simulation_data_run33_N1T3.csv (148s elapsed)
  [34/1230] N1T3 seed=8631 → simulation_data_run34_N1T3.csv (152s elapsed)
  [35/1230] N1T3 seed=221 → simulation_data_run35_N1T3.csv (156s elapsed)
  [36/1230] N1T3 seed=5414 → simulation_data_run36_N1T3.csv (160s elapsed)
  [37/1230] N1T3 seed=804 → simulation_data_run37_N1T3.csv (164s elapsed)
  [38/1230] N1T3 seed=2997 → simulation_data_run38_N1T3.csv (168s elapsed)
  [39/1230] N1T3 seed=4810 → simulation_data_run39_N1T3.csv (172s elapsed)
  [40/1230] N1T3 seed=4227 → simulation_data_run40_N1T3.csv (176s elapsed)
  [41/1230] N1T3 seed=4032 → simulation_data_run41_N1T3.csv (180s elapsed)
  [42/1230] N1T3 seed=284 → simulation_data_run42_N1T3.csv (184s elapsed)
  [43/1230] N1T3 seed=54 → simulation_data_run43_N1T3.csv (188s elapsed)
  [44/1230] N1T3 seed=1243 → simulation_data_run44_N1T3.csv (193s elapsed)
  [45/1230] N1T3 seed=83 → simulation_data_run45_N1T3.csv (197s elapsed)
  [46/1230] N1T3 seed=6705 → simulation_data_run46_N1T3.csv (201s elapsed)
  [47/1230] N1T3 seed=5256 → simulation_data_run47_N1T3.csv (204s elapsed)
  [48/1230] N1T3 seed=6471 → simulation_data_run48_N1T3.csv (208s elapsed)
  [49/1230] N1T3 seed=2573 → simulation_data_run49_N1T3.csv (213s elapsed)
  [50/1230] N1T3 seed=6153 → simulation_data_run50_N1T3.csv (217s elapsed)
  [51/1230] N1T3 seed=7640 → simulation_data_run51_N1T3.csv (221s elapsed)
  [52/1230] N1T3 seed=3837 → simulation_data_run52_N1T3.csv (225s elapsed)
  [53/1230] N1T3 seed=4609 → simulation_data_run53_N1T3.csv (229s elapsed)
  [54/1230] N1T3 seed=9971 → simulation_data_run54_N1T3.csv (232s elapsed)
  [55/1230] N1T3 seed=8049 → simulation_data_run55_N1T3.csv (237s elapsed)
  [56/1230] N1T3 seed=9807 → simulation_data_run56_N1T3.csv (241s elapsed)
  [57/1230] N1T3 seed=3795 → simulation_data_run57_N1T3.csv (245s elapsed)
  [58/1230] N1T3 seed=6855 → simulation_data_run58_N1T3.csv (249s elapsed)
  [59/1230] N1T3 seed=9500 → simulation_data_run59_N1T3.csv (253s elapsed)
  [60/1230] N1T3 seed=6504 → simulation_data_run60_N1T3.csv (257s elapsed)
  [61/1230] N2T3 seed=8402 → simulation_data_run61_N2T3.csv (261s elapsed)
  [62/1230] N2T3 seed=6884 → simulation_data_run62_N2T3.csv (265s elapsed)
  [63/1230] N2T3 seed=7039 → simulation_data_run63_N2T3.csv (269s elapsed)
  [64/1230] N2T3 seed=3889 → simulation_data_run64_N2T3.csv (273s elapsed)
  [65/1230] N2T3 seed=8750 → simulation_data_run65_N2T3.csv (277s elapsed)
  [66/1230] N2T3 seed=1351 → simulation_data_run66_N2T3.csv (281s elapsed)
  [67/1230] N2T3 seed=5788 → simulation_data_run67_N2T3.csv (285s elapsed)
  [68/1230] N2T3 seed=7214 → simulation_data_run68_N2T3.csv (289s elapsed)
  [69/1230] N2T3 seed=8454 → simulation_data_run69_N2T3.csv (293s elapsed)
  [70/1230] N2T3 seed=5253 → simulation_data_run70_N2T3.csv (297s elapsed)
  [71/1230] N2T3 seed=3754 → simulation_data_run71_N2T3.csv (301s elapsed)
  [72/1230] N2T3 seed=3102 → simulation_data_run72_N2T3.csv (305s elapsed)
  [73/1230] N2T3 seed=4229 → simulation_data_run73_N2T3.csv (309s elapsed)
  [74/1230] N2T3 seed=4858 → simulation_data_run74_N2T3.csv (313s elapsed)
  [75/1230] N2T3 seed=7187 → simulation_data_run75_N2T3.csv (317s elapsed)
  [76/1230] N2T3 seed=8894 → simulation_data_run76_N2T3.csv (321s elapsed)
  [77/1230] N2T3 seed=730 → simulation_data_run77_N2T3.csv (325s elapsed)
  [78/1230] N2T3 seed=9339 → simulation_data_run78_N2T3.csv (328s elapsed)
  [79/1230] N2T3 seed=5313 → simulation_data_run79_N2T3.csv (332s elapsed)
  [80/1230] N2T3 seed=3578 → simulation_data_run80_N2T3.csv (336s elapsed)
  [81/1230] N2T3 seed=6727 → simulation_data_run81_N2T3.csv (340s elapsed)
  [82/1230] N2T3 seed=5715 → simulation_data_run82_N2T3.csv (345s elapsed)
  [83/1230] N2T3 seed=2546 → simulation_data_run83_N2T3.csv (348s elapsed)
  [84/1230] N2T3 seed=3219 → simulation_data_run84_N2T3.csv (352s elapsed)
  [85/1230] N2T3 seed=7194 → simulation_data_run85_N2T3.csv (356s elapsed)
  [86/1230] N2T3 seed=5942 → simulation_data_run86_N2T3.csv (360s elapsed)
  [87/1230] N2T3 seed=5044 → simulation_data_run87_N2T3.csv (364s elapsed)
  [88/1230] N2T3 seed=3379 → simulation_data_run88_N2T3.csv (369s elapsed)
  [89/1230] N2T3 seed=7606 → simulation_data_run89_N2T3.csv (373s elapsed)
  [90/1230] N2T3 seed=3916 → simulation_data_run90_N2T3.csv (377s elapsed)
  [91/1230] N3T3 seed=3282 → simulation_data_run91_N3T3.csv (380s elapsed)
  [92/1230] N3T3 seed=8901 → simulation_data_run92_N3T3.csv (384s elapsed)
  [93/1230] N3T3 seed=2639 → simulation_data_run93_N3T3.csv (388s elapsed)
  [94/1230] N3T3 seed=2272 → simulation_data_run94_N3T3.csv (392s elapsed)
  [95/1230] N3T3 seed=7141 → simulation_data_run95_N3T3.csv (397s elapsed)
  [96/1230] N3T3 seed=6231 → simulation_data_run96_N3T3.csv (401s elapsed)
  [97/1230] N3T3 seed=486 → simulation_data_run97_N3T3.csv (404s elapsed)
  [98/1230] N3T3 seed=840 → simulation_data_run98_N3T3.csv (408s elapsed)
  [99/1230] N3T3 seed=3771 → simulation_data_run99_N3T3.csv (413s elapsed)
  [100/1230] N3T3 seed=8325 → simulation_data_run100_N3T3.csv (417s elapsed)
  [101/1230] N3T3 seed=4008 → simulation_data_run101_N3T3.csv (421s elapsed)
  [102/1230] N3T3 seed=7870 → simulation_data_run102_N3T3.csv (425s elapsed)
  [103/1230] N3T3 seed=3165 → simulation_data_run103_N3T3.csv (428s elapsed)
  [104/1230] N3T3 seed=2394 → simulation_data_run104_N3T3.csv (432s elapsed)
  [105/1230] N3T3 seed=7916 → simulation_data_run105_N3T3.csv (436s elapsed)
  [106/1230] N3T3 seed=8764 → simulation_data_run106_N3T3.csv (441s elapsed)
  [107/1230] N3T3 seed=793 → simulation_data_run107_N3T3.csv (445s elapsed)
  [108/1230] N3T3 seed=586 → simulation_data_run108_N3T3.csv (449s elapsed)
  [109/1230] N3T3 seed=6712 → simulation_data_run109_N3T3.csv (453s elapsed)
  [110/1230] N3T3 seed=3361 → simulation_data_run110_N3T3.csv (457s elapsed)
  [111/1230] N3T3 seed=5736 → simulation_data_run111_N3T3.csv (460s elapsed)
  [112/1230] N3T3 seed=1503 → simulation_data_run112_N3T3.csv (464s elapsed)
  [113/1230] N3T3 seed=8599 → simulation_data_run113_N3T3.csv (469s elapsed)
  [114/1230] N3T3 seed=4503 → simulation_data_run114_N3T3.csv (473s elapsed)
  [115/1230] N3T3 seed=8949 → simulation_data_run115_N3T3.csv (476s elapsed)
  [116/1230] N3T3 seed=7962 → simulation_data_run116_N3T3.csv (480s elapsed)
  [117/1230] N3T3 seed=7053 → simulation_data_run117_N3T3.csv (484s elapsed)
  [118/1230] N3T3 seed=2306 → simulation_data_run118_N3T3.csv (488s elapsed)
  [119/1230] N3T3 seed=7669 → simulation_data_run119_N3T3.csv (492s elapsed)
  [120/1230] N3T3 seed=521 → simulation_data_run120_N3T3.csv (496s elapsed)
  [121/1230] N4T3 seed=5700 → simulation_data_run121_N4T3.csv (500s elapsed)
  [122/1230] N4T3 seed=4045 → simulation_data_run122_N4T3.csv (504s elapsed)
  [123/1230] N4T3 seed=9965 → simulation_data_run123_N4T3.csv (508s elapsed)
  [124/1230] N4T3 seed=1985 → simulation_data_run124_N4T3.csv (512s elapsed)
  [125/1230] N4T3 seed=9464 → simulation_data_run125_N4T3.csv (516s elapsed)
  [126/1230] N4T3 seed=908 → simulation_data_run126_N4T3.csv (520s elapsed)
  [127/1230] N4T3 seed=6231 → simulation_data_run127_N4T3.csv (524s elapsed)
  [128/1230] N4T3 seed=5803 → simulation_data_run128_N4T3.csv (528s elapsed)
  [129/1230] N4T3 seed=8988 → simulation_data_run129_N4T3.csv (532s elapsed)
  [130/1230] N4T3 seed=2987 → simulation_data_run130_N4T3.csv (536s elapsed)
  [131/1230] N4T3 seed=9019 → simulation_data_run131_N4T3.csv (540s elapsed)
  [132/1230] N4T3 seed=6719 → simulation_data_run132_N4T3.csv (544s elapsed)
  [133/1230] N4T3 seed=8903 → simulation_data_run133_N4T3.csv (548s elapsed)
  [134/1230] N4T3 seed=1995 → simulation_data_run134_N4T3.csv (552s elapsed)
  [135/1230] N4T3 seed=7581 → simulation_data_run135_N4T3.csv (556s elapsed)
  [136/1230] N4T3 seed=9420 → simulation_data_run136_N4T3.csv (560s elapsed)
  [137/1230] N4T3 seed=486 → simulation_data_run137_N4T3.csv (564s elapsed)
  [138/1230] N4T3 seed=3651 → simulation_data_run138_N4T3.csv (568s elapsed)
  [139/1230] N4T3 seed=6364 → simulation_data_run139_N4T3.csv (572s elapsed)
  [140/1230] N4T3 seed=1055 → simulation_data_run140_N4T3.csv (576s elapsed)
  [141/1230] N4T3 seed=5100 → simulation_data_run141_N4T3.csv (580s elapsed)
  [142/1230] N4T3 seed=6290 → simulation_data_run142_N4T3.csv (584s elapsed)
  [143/1230] N4T3 seed=7639 → simulation_data_run143_N4T3.csv (588s elapsed)
  [144/1230] N4T3 seed=9270 → simulation_data_run144_N4T3.csv (592s elapsed)
  [145/1230] N4T3 seed=4098 → simulation_data_run145_N4T3.csv (597s elapsed)
  [146/1230] N4T3 seed=4403 → simulation_data_run146_N4T3.csv (601s elapsed)
  [147/1230] N4T3 seed=4742 → simulation_data_run147_N4T3.csv (604s elapsed)
  [148/1230] N4T3 seed=9544 → simulation_data_run148_N4T3.csv (608s elapsed)
  [149/1230] N4T3 seed=1958 → simulation_data_run149_N4T3.csv (612s elapsed)
  [150/1230] N4T3 seed=4998 → simulation_data_run150_N4T3.csv (616s elapsed)
  [151/1230] N5T3 seed=499 → simulation_data_run151_N5T3.csv (621s elapsed)
  [152/1230] N5T3 seed=4252 → simulation_data_run152_N5T3.csv (625s elapsed)
  [153/1230] N5T3 seed=9452 → simulation_data_run153_N5T3.csv (629s elapsed)
  [154/1230] N5T3 seed=6201 → simulation_data_run154_N5T3.csv (632s elapsed)
  [155/1230] N5T3 seed=3496 → simulation_data_run155_N5T3.csv (636s elapsed)
  [156/1230] N5T3 seed=9949 → simulation_data_run156_N5T3.csv (640s elapsed)
  [157/1230] N5T3 seed=6037 → simulation_data_run157_N5T3.csv (645s elapsed)
  [158/1230] N5T3 seed=9488 → simulation_data_run158_N5T3.csv (649s elapsed)
  [159/1230] N5T3 seed=164 → simulation_data_run159_N5T3.csv (653s elapsed)
  [160/1230] N5T3 seed=4600 → simulation_data_run160_N5T3.csv (657s elapsed)
  [161/1230] N5T3 seed=8348 → simulation_data_run161_N5T3.csv (661s elapsed)
  [162/1230] N5T3 seed=7576 → simulation_data_run162_N5T3.csv (664s elapsed)
  [163/1230] N5T3 seed=4075 → simulation_data_run163_N5T3.csv (669s elapsed)
  [164/1230] N5T3 seed=4974 → simulation_data_run164_N5T3.csv (673s elapsed)
  [165/1230] N5T3 seed=4202 → simulation_data_run165_N5T3.csv (677s elapsed)
  [166/1230] N5T3 seed=5293 → simulation_data_run166_N5T3.csv (681s elapsed)
  [167/1230] N5T3 seed=2303 → simulation_data_run167_N5T3.csv (684s elapsed)
  [168/1230] N5T3 seed=7857 → simulation_data_run168_N5T3.csv (688s elapsed)
  [169/1230] N5T3 seed=777 → simulation_data_run169_N5T3.csv (692s elapsed)
  [170/1230] N5T3 seed=4146 → simulation_data_run170_N5T3.csv (696s elapsed)
  [171/1230] N5T3 seed=2819 → simulation_data_run171_N5T3.csv (700s elapsed)
  [172/1230] N5T3 seed=7344 → simulation_data_run172_N5T3.csv (704s elapsed)
  [173/1230] N5T3 seed=7492 → simulation_data_run173_N5T3.csv (708s elapsed)
  [174/1230] N5T3 seed=7111 → simulation_data_run174_N5T3.csv (712s elapsed)
  [175/1230] N5T3 seed=9243 → simulation_data_run175_N5T3.csv (716s elapsed)
  [176/1230] N5T3 seed=9319 → simulation_data_run176_N5T3.csv (720s elapsed)
  [177/1230] N5T3 seed=1847 → simulation_data_run177_N5T3.csv (724s elapsed)
  [178/1230] N5T3 seed=1150 → simulation_data_run178_N5T3.csv (728s elapsed)
  [179/1230] N5T3 seed=1324 → simulation_data_run179_N5T3.csv (732s elapsed)
  [180/1230] N5T3 seed=7289 → simulation_data_run180_N5T3.csv (736s elapsed)
  [181/1230] N6T3 seed=9702 → simulation_data_run181_N6T3.csv (740s elapsed)
  [182/1230] N6T3 seed=9273 → simulation_data_run182_N6T3.csv (744s elapsed)
  [183/1230] N6T3 seed=6682 → simulation_data_run183_N6T3.csv (748s elapsed)
  [184/1230] N6T3 seed=9678 → simulation_data_run184_N6T3.csv (752s elapsed)
  [185/1230] N6T3 seed=8711 → simulation_data_run185_N6T3.csv (756s elapsed)
  [186/1230] N6T3 seed=148 → simulation_data_run186_N6T3.csv (760s elapsed)
  [187/1230] N6T3 seed=1193 → simulation_data_run187_N6T3.csv (764s elapsed)
  [188/1230] N6T3 seed=8635 → simulation_data_run188_N6T3.csv (768s elapsed)
  [189/1230] N6T3 seed=824 → simulation_data_run189_N6T3.csv (773s elapsed)
  [190/1230] N6T3 seed=9810 → simulation_data_run190_N6T3.csv (777s elapsed)
  [191/1230] N6T3 seed=8273 → simulation_data_run191_N6T3.csv (780s elapsed)
  [192/1230] N6T3 seed=9571 → simulation_data_run192_N6T3.csv (784s elapsed)
  [193/1230] N6T3 seed=3603 → simulation_data_run193_N6T3.csv (788s elapsed)
  [194/1230] N6T3 seed=1488 → simulation_data_run194_N6T3.csv (792s elapsed)
  [195/1230] N6T3 seed=5168 → simulation_data_run195_N6T3.csv (796s elapsed)
  [196/1230] N6T3 seed=9725 → simulation_data_run196_N6T3.csv (800s elapsed)
  [197/1230] N6T3 seed=3672 → simulation_data_run197_N6T3.csv (804s elapsed)
  [198/1230] N6T3 seed=8898 → simulation_data_run198_N6T3.csv (808s elapsed)
  [199/1230] N6T3 seed=3838 → simulation_data_run199_N6T3.csv (812s elapsed)
  [200/1230] N6T3 seed=8223 → simulation_data_run200_N6T3.csv (816s elapsed)
  [201/1230] N6T3 seed=2296 → simulation_data_run201_N6T3.csv (820s elapsed)
  [202/1230] N6T3 seed=4799 → simulation_data_run202_N6T3.csv (824s elapsed)
  [203/1230] N6T3 seed=3268 → simulation_data_run203_N6T3.csv (828s elapsed)
  [204/1230] N6T3 seed=2324 → simulation_data_run204_N6T3.csv (832s elapsed)
  [205/1230] N6T3 seed=8926 → simulation_data_run205_N6T3.csv (836s elapsed)
  [206/1230] N6T3 seed=8018 → simulation_data_run206_N6T3.csv (840s elapsed)
  [207/1230] N6T3 seed=1397 → simulation_data_run207_N6T3.csv (844s elapsed)
  [208/1230] N6T3 seed=9234 → simulation_data_run208_N6T3.csv (848s elapsed)
  [209/1230] N6T3 seed=9708 → simulation_data_run209_N6T3.csv (852s elapsed)
  [210/1230] N6T3 seed=2661 → simulation_data_run210_N6T3.csv (856s elapsed)
  [211/1230] N7T3 seed=4264 → simulation_data_run211_N7T3.csv (860s elapsed)
  [212/1230] N7T3 seed=5389 → simulation_data_run212_N7T3.csv (864s elapsed)
  [213/1230] N7T3 seed=6570 → simulation_data_run213_N7T3.csv (868s elapsed)
  [214/1230] N7T3 seed=4427 → simulation_data_run214_N7T3.csv (872s elapsed)
  [215/1230] N7T3 seed=1488 → simulation_data_run215_N7T3.csv (876s elapsed)
  [216/1230] N7T3 seed=9309 → simulation_data_run216_N7T3.csv (880s elapsed)
  [217/1230] N7T3 seed=6919 → simulation_data_run217_N7T3.csv (884s elapsed)
  [218/1230] N7T3 seed=406 → simulation_data_run218_N7T3.csv (888s elapsed)
  [219/1230] N7T3 seed=8142 → simulation_data_run219_N7T3.csv (892s elapsed)
  [220/1230] N7T3 seed=7319 → simulation_data_run220_N7T3.csv (896s elapsed)
  [221/1230] N7T3 seed=1833 → simulation_data_run221_N7T3.csv (900s elapsed)
  [222/1230] N7T3 seed=6143 → simulation_data_run222_N7T3.csv (904s elapsed)
  [223/1230] N7T3 seed=5016 → simulation_data_run223_N7T3.csv (908s elapsed)
  [224/1230] N7T3 seed=284 → simulation_data_run224_N7T3.csv (912s elapsed)
  [225/1230] N7T3 seed=9273 → simulation_data_run225_N7T3.csv (916s elapsed)
  [226/1230] N7T3 seed=7191 → simulation_data_run226_N7T3.csv (920s elapsed)
  [227/1230] N7T3 seed=3102 → simulation_data_run227_N7T3.csv (924s elapsed)
  [228/1230] N7T3 seed=160 → simulation_data_run228_N7T3.csv (928s elapsed)
  [229/1230] N7T3 seed=913 → simulation_data_run229_N7T3.csv (932s elapsed)
  [230/1230] N7T3 seed=7578 → simulation_data_run230_N7T3.csv (936s elapsed)
  [231/1230] N7T3 seed=1494 → simulation_data_run231_N7T3.csv (939s elapsed)
  [232/1230] N7T3 seed=5127 → simulation_data_run232_N7T3.csv (943s elapsed)
  [233/1230] N7T3 seed=8986 → simulation_data_run233_N7T3.csv (948s elapsed)
  [234/1230] N7T3 seed=9290 → simulation_data_run234_N7T3.csv (952s elapsed)
  [235/1230] N7T3 seed=2679 → simulation_data_run235_N7T3.csv (956s elapsed)
  [236/1230] N7T3 seed=661 → simulation_data_run236_N7T3.csv (960s elapsed)
  [237/1230] N7T3 seed=4948 → simulation_data_run237_N7T3.csv (964s elapsed)
  [238/1230] N7T3 seed=8412 → simulation_data_run238_N7T3.csv (967s elapsed)
  [239/1230] N7T3 seed=6246 → simulation_data_run239_N7T3.csv (972s elapsed)
  [240/1230] N7T3 seed=667 → simulation_data_run240_N7T3.csv (976s elapsed)
  [241/1230] N8T3 seed=6501 → simulation_data_run241_N8T3.csv (980s elapsed)
  [242/1230] N8T3 seed=3443 → simulation_data_run242_N8T3.csv (984s elapsed)
  [243/1230] N8T3 seed=2262 → simulation_data_run243_N8T3.csv (988s elapsed)
  [244/1230] N8T3 seed=4303 → simulation_data_run244_N8T3.csv (992s elapsed)
  [245/1230] N8T3 seed=8732 → simulation_data_run245_N8T3.csv (996s elapsed)
  [246/1230] N8T3 seed=9659 → simulation_data_run246_N8T3.csv (1000s elapsed)
  [247/1230] N8T3 seed=1411 → simulation_data_run247_N8T3.csv (1004s elapsed)
  [248/1230] N8T3 seed=5622 → simulation_data_run248_N8T3.csv (1008s elapsed)
  [249/1230] N8T3 seed=7614 → simulation_data_run249_N8T3.csv (1012s elapsed)
  [250/1230] N8T3 seed=2589 → simulation_data_run250_N8T3.csv (1016s elapsed)
  [251/1230] N8T3 seed=2727 → simulation_data_run251_N8T3.csv (1020s elapsed)
  [252/1230] N8T3 seed=2417 → simulation_data_run252_N8T3.csv (1024s elapsed)
  [253/1230] N8T3 seed=2096 → simulation_data_run253_N8T3.csv (1029s elapsed)
  [254/1230] N8T3 seed=8880 → simulation_data_run254_N8T3.csv (1032s elapsed)
  [255/1230] N8T3 seed=2186 → simulation_data_run255_N8T3.csv (1036s elapsed)
  [256/1230] N8T3 seed=2259 → simulation_data_run256_N8T3.csv (1040s elapsed)
  [257/1230] N8T3 seed=1255 → simulation_data_run257_N8T3.csv (1044s elapsed)
  [258/1230] N8T3 seed=1246 → simulation_data_run258_N8T3.csv (1048s elapsed)
  [259/1230] N8T3 seed=7784 → simulation_data_run259_N8T3.csv (1052s elapsed)
  [260/1230] N8T3 seed=2883 → simulation_data_run260_N8T3.csv (1056s elapsed)
  [261/1230] N8T3 seed=8019 → simulation_data_run261_N8T3.csv (1060s elapsed)
  [262/1230] N8T3 seed=5861 → simulation_data_run262_N8T3.csv (1064s elapsed)
  [263/1230] N8T3 seed=8583 → simulation_data_run263_N8T3.csv (1068s elapsed)
  [264/1230] N8T3 seed=5540 → simulation_data_run264_N8T3.csv (1072s elapsed)
  [265/1230] N8T3 seed=7641 → simulation_data_run265_N8T3.csv (1076s elapsed)
  [266/1230] N8T3 seed=8096 → simulation_data_run266_N8T3.csv (1080s elapsed)
  [267/1230] N8T3 seed=611 → simulation_data_run267_N8T3.csv (1084s elapsed)
  [268/1230] N8T3 seed=5604 → simulation_data_run268_N8T3.csv (1088s elapsed)
  [269/1230] N8T3 seed=4546 → simulation_data_run269_N8T3.csv (1091s elapsed)
  [270/1230] N8T3 seed=2884 → simulation_data_run270_N8T3.csv (1095s elapsed)
  [271/1230] N9T3 seed=4524 → simulation_data_run271_N9T3.csv (1100s elapsed)
  [272/1230] N9T3 seed=4129 → simulation_data_run272_N9T3.csv (1104s elapsed)
  [273/1230] N9T3 seed=4918 → simulation_data_run273_N9T3.csv (1108s elapsed)
  [274/1230] N9T3 seed=8180 → simulation_data_run274_N9T3.csv (1112s elapsed)
  [275/1230] N9T3 seed=8254 → simulation_data_run275_N9T3.csv (1116s elapsed)
  [276/1230] N9T3 seed=6264 → simulation_data_run276_N9T3.csv (1120s elapsed)
  [277/1230] N9T3 seed=7102 → simulation_data_run277_N9T3.csv (1124s elapsed)
  [278/1230] N9T3 seed=9589 → simulation_data_run278_N9T3.csv (1128s elapsed)
  [279/1230] N9T3 seed=6368 → simulation_data_run279_N9T3.csv (1132s elapsed)
  [280/1230] N9T3 seed=3694 → simulation_data_run280_N9T3.csv (1136s elapsed)
  [281/1230] N9T3 seed=821 → simulation_data_run281_N9T3.csv (1140s elapsed)
  [282/1230] N9T3 seed=5526 → simulation_data_run282_N9T3.csv (1144s elapsed)
  [283/1230] N9T3 seed=2315 → simulation_data_run283_N9T3.csv (1148s elapsed)
  [284/1230] N9T3 seed=5939 → simulation_data_run284_N9T3.csv (1152s elapsed)
  [285/1230] N9T3 seed=258 → simulation_data_run285_N9T3.csv (1157s elapsed)
  [286/1230] N9T3 seed=8482 → simulation_data_run286_N9T3.csv (1160s elapsed)
  [287/1230] N9T3 seed=9444 → simulation_data_run287_N9T3.csv (1164s elapsed)
  [288/1230] N9T3 seed=1455 → simulation_data_run288_N9T3.csv (1168s elapsed)
  [289/1230] N9T3 seed=8190 → simulation_data_run289_N9T3.csv (1172s elapsed)
  [290/1230] N9T3 seed=4065 → simulation_data_run290_N9T3.csv (1176s elapsed)
  [291/1230] N9T3 seed=417 → simulation_data_run291_N9T3.csv (1180s elapsed)
  [292/1230] N9T3 seed=9098 → simulation_data_run292_N9T3.csv (1184s elapsed)
  [293/1230] N9T3 seed=9408 → simulation_data_run293_N9T3.csv (1188s elapsed)
  [294/1230] N9T3 seed=431 → simulation_data_run294_N9T3.csv (1192s elapsed)
  [295/1230] N9T3 seed=5933 → simulation_data_run295_N9T3.csv (1196s elapsed)
  [296/1230] N9T3 seed=8226 → simulation_data_run296_N9T3.csv (1200s elapsed)
  [297/1230] N9T3 seed=7897 → simulation_data_run297_N9T3.csv (1204s elapsed)
  [298/1230] N9T3 seed=4154 → simulation_data_run298_N9T3.csv (1208s elapsed)
  [299/1230] N9T3 seed=8598 → simulation_data_run299_N9T3.csv (1212s elapsed)
  [300/1230] N9T3 seed=8297 → simulation_data_run300_N9T3.csv (1216s elapsed)
  [301/1230] N10T3 seed=1134 → simulation_data_run301_N10T3.csv (1220s elapsed)
  [302/1230] N10T3 seed=100 → simulation_data_run302_N10T3.csv (1224s elapsed)
  [303/1230] N10T3 seed=1023 → simulation_data_run303_N10T3.csv (1228s elapsed)
  [304/1230] N10T3 seed=3650 → simulation_data_run304_N10T3.csv (1232s elapsed)
  [305/1230] N10T3 seed=1097 → simulation_data_run305_N10T3.csv (1236s elapsed)
  [306/1230] N10T3 seed=787 → simulation_data_run306_N10T3.csv (1239s elapsed)
  [307/1230] N10T3 seed=2588 → simulation_data_run307_N10T3.csv (1243s elapsed)
  [308/1230] N10T3 seed=6525 → simulation_data_run308_N10T3.csv (1247s elapsed)
  [309/1230] N10T3 seed=5241 → simulation_data_run309_N10T3.csv (1251s elapsed)
  [310/1230] N10T3 seed=2738 → simulation_data_run310_N10T3.csv (1255s elapsed)
  [311/1230] N10T3 seed=9503 → simulation_data_run311_N10T3.csv (1259s elapsed)
  [312/1230] N10T3 seed=7026 → simulation_data_run312_N10T3.csv (1263s elapsed)
  [313/1230] N10T3 seed=6343 → simulation_data_run313_N10T3.csv (1267s elapsed)
  [314/1230] N10T3 seed=9437 → simulation_data_run314_N10T3.csv (1271s elapsed)
  [315/1230] N10T3 seed=7854 → simulation_data_run315_N10T3.csv (1275s elapsed)
  [316/1230] N10T3 seed=1268 → simulation_data_run316_N10T3.csv (1279s elapsed)
  [317/1230] N10T3 seed=370 → simulation_data_run317_N10T3.csv (1283s elapsed)
  [318/1230] N10T3 seed=8647 → simulation_data_run318_N10T3.csv (1287s elapsed)
  [319/1230] N10T3 seed=4078 → simulation_data_run319_N10T3.csv (1291s elapsed)
  [320/1230] N10T3 seed=595 → simulation_data_run320_N10T3.csv (1295s elapsed)
  [321/1230] N10T3 seed=4765 → simulation_data_run321_N10T3.csv (1299s elapsed)
  [322/1230] N10T3 seed=3807 → simulation_data_run322_N10T3.csv (1303s elapsed)
  [323/1230] N10T3 seed=4311 → simulation_data_run323_N10T3.csv (1307s elapsed)
  [324/1230] N10T3 seed=4297 → simulation_data_run324_N10T3.csv (1311s elapsed)
  [325/1230] N10T3 seed=3141 → simulation_data_run325_N10T3.csv (1315s elapsed)
  [326/1230] N10T3 seed=4888 → simulation_data_run326_N10T3.csv (1319s elapsed)
  [327/1230] N10T3 seed=4915 → simulation_data_run327_N10T3.csv (1323s elapsed)
  [328/1230] N10T3 seed=9763 → simulation_data_run328_N10T3.csv (1327s elapsed)
  [329/1230] N10T3 seed=6926 → simulation_data_run329_N10T3.csv (1332s elapsed)
  [330/1230] N10T3 seed=7756 → simulation_data_run330_N10T3.csv (1336s elapsed)
  [331/1230] N1T4 seed=81 → simulation_data_run331_N1T4.csv (1339s elapsed)
  [332/1230] N1T4 seed=3088 → simulation_data_run332_N1T4.csv (1343s elapsed)
  [333/1230] N1T4 seed=9836 → simulation_data_run333_N1T4.csv (1347s elapsed)
  [334/1230] N1T4 seed=2698 → simulation_data_run334_N1T4.csv (1352s elapsed)
  [335/1230] N1T4 seed=5099 → simulation_data_run335_N1T4.csv (1356s elapsed)
  [336/1230] N1T4 seed=8630 → simulation_data_run336_N1T4.csv (1360s elapsed)
  [337/1230] N1T4 seed=6385 → simulation_data_run337_N1T4.csv (1364s elapsed)
  [338/1230] N1T4 seed=8812 → simulation_data_run338_N1T4.csv (1368s elapsed)
  [339/1230] N1T4 seed=1644 → simulation_data_run339_N1T4.csv (1371s elapsed)
  [340/1230] N1T4 seed=5107 → simulation_data_run340_N1T4.csv (1375s elapsed)
  [341/1230] N1T4 seed=6355 → simulation_data_run341_N1T4.csv (1380s elapsed)
  [342/1230] N1T4 seed=3443 → simulation_data_run342_N1T4.csv (1384s elapsed)
  [343/1230] N1T4 seed=5741 → simulation_data_run343_N1T4.csv (1388s elapsed)
  [344/1230] N1T4 seed=9948 → simulation_data_run344_N1T4.csv (1391s elapsed)
  [345/1230] N1T4 seed=7365 → simulation_data_run345_N1T4.csv (1395s elapsed)
  [346/1230] N1T4 seed=3159 → simulation_data_run346_N1T4.csv (1399s elapsed)
  [347/1230] N1T4 seed=640 → simulation_data_run347_N1T4.csv (1404s elapsed)
  [348/1230] N1T4 seed=1827 → simulation_data_run348_N1T4.csv (1408s elapsed)
  [349/1230] N1T4 seed=2720 → simulation_data_run349_N1T4.csv (1412s elapsed)
  [350/1230] N1T4 seed=8800 → simulation_data_run350_N1T4.csv (1416s elapsed)
  [351/1230] N1T4 seed=2710 → simulation_data_run351_N1T4.csv (1419s elapsed)
  [352/1230] N1T4 seed=8122 → simulation_data_run352_N1T4.csv (1423s elapsed)
  [353/1230] N1T4 seed=2738 → simulation_data_run353_N1T4.csv (1427s elapsed)
  [354/1230] N1T4 seed=6678 → simulation_data_run354_N1T4.csv (1432s elapsed)
  [355/1230] N1T4 seed=5268 → simulation_data_run355_N1T4.csv (1436s elapsed)
  [356/1230] N1T4 seed=9583 → simulation_data_run356_N1T4.csv (1440s elapsed)
  [357/1230] N1T4 seed=5663 → simulation_data_run357_N1T4.csv (1443s elapsed)
  [358/1230] N1T4 seed=9256 → simulation_data_run358_N1T4.csv (1447s elapsed)
  [359/1230] N1T4 seed=9618 → simulation_data_run359_N1T4.csv (1451s elapsed)
  [360/1230] N1T4 seed=7481 → simulation_data_run360_N1T4.csv (1455s elapsed)
  [361/1230] N2T4 seed=6283 → simulation_data_run361_N2T4.csv (1459s elapsed)
  [362/1230] N2T4 seed=8606 → simulation_data_run362_N2T4.csv (1463s elapsed)
  [363/1230] N2T4 seed=9963 → simulation_data_run363_N2T4.csv (1467s elapsed)
  [364/1230] N2T4 seed=2471 → simulation_data_run364_N2T4.csv (1471s elapsed)
  [365/1230] N2T4 seed=5625 → simulation_data_run365_N2T4.csv (1475s elapsed)
  [366/1230] N2T4 seed=1413 → simulation_data_run366_N2T4.csv (1479s elapsed)
  [367/1230] N2T4 seed=1050 → simulation_data_run367_N2T4.csv (1483s elapsed)
  [368/1230] N2T4 seed=6700 → simulation_data_run368_N2T4.csv (1488s elapsed)
  [369/1230] N2T4 seed=476 → simulation_data_run369_N2T4.csv (1491s elapsed)
  [370/1230] N2T4 seed=7145 → simulation_data_run370_N2T4.csv (1495s elapsed)
  [371/1230] N2T4 seed=8208 → simulation_data_run371_N2T4.csv (1499s elapsed)
  [372/1230] N2T4 seed=1671 → simulation_data_run372_N2T4.csv (1503s elapsed)
  [373/1230] N2T4 seed=6803 → simulation_data_run373_N2T4.csv (1507s elapsed)
  [374/1230] N2T4 seed=3955 → simulation_data_run374_N2T4.csv (1512s elapsed)
  [375/1230] N2T4 seed=8932 → simulation_data_run375_N2T4.csv (1516s elapsed)
  [376/1230] N2T4 seed=9101 → simulation_data_run376_N2T4.csv (1519s elapsed)
  [377/1230] N2T4 seed=5774 → simulation_data_run377_N2T4.csv (1523s elapsed)
  [378/1230] N2T4 seed=5613 → simulation_data_run378_N2T4.csv (1527s elapsed)
  [379/1230] N2T4 seed=7105 → simulation_data_run379_N2T4.csv (1531s elapsed)
  [380/1230] N2T4 seed=5783 → simulation_data_run380_N2T4.csv (1535s elapsed)
  [381/1230] N2T4 seed=7458 → simulation_data_run381_N2T4.csv (1539s elapsed)
  [382/1230] N2T4 seed=1941 → simulation_data_run382_N2T4.csv (1543s elapsed)
  [383/1230] N2T4 seed=7820 → simulation_data_run383_N2T4.csv (1547s elapsed)
  [384/1230] N2T4 seed=5260 → simulation_data_run384_N2T4.csv (1551s elapsed)
  [385/1230] N2T4 seed=7518 → simulation_data_run385_N2T4.csv (1555s elapsed)
  [386/1230] N2T4 seed=5234 → simulation_data_run386_N2T4.csv (1559s elapsed)
  [387/1230] N2T4 seed=3065 → simulation_data_run387_N2T4.csv (1563s elapsed)
  [388/1230] N2T4 seed=890 → simulation_data_run388_N2T4.csv (1567s elapsed)
  [389/1230] N2T4 seed=5253 → simulation_data_run389_N2T4.csv (1571s elapsed)
  [390/1230] N2T4 seed=9818 → simulation_data_run390_N2T4.csv (1574s elapsed)
  [391/1230] N3T4 seed=359 → simulation_data_run391_N3T4.csv (1578s elapsed)
  [392/1230] N3T4 seed=5713 → simulation_data_run392_N3T4.csv (1583s elapsed)
  [393/1230] N3T4 seed=4471 → simulation_data_run393_N3T4.csv (1587s elapsed)
  [394/1230] N3T4 seed=65 → simulation_data_run394_N3T4.csv (1591s elapsed)
  [395/1230] N3T4 seed=5435 → simulation_data_run395_N3T4.csv (1595s elapsed)
  [396/1230] N3T4 seed=7725 → simulation_data_run396_N3T4.csv (1599s elapsed)
  [397/1230] N3T4 seed=7414 → simulation_data_run397_N3T4.csv (1603s elapsed)
  [398/1230] N3T4 seed=9781 → simulation_data_run398_N3T4.csv (1607s elapsed)
  [399/1230] N3T4 seed=5290 → simulation_data_run399_N3T4.csv (1611s elapsed)
  [400/1230] N3T4 seed=5898 → simulation_data_run400_N3T4.csv (1615s elapsed)
  [401/1230] N3T4 seed=9657 → simulation_data_run401_N3T4.csv (1619s elapsed)
  [402/1230] N3T4 seed=3197 → simulation_data_run402_N3T4.csv (1622s elapsed)
  [403/1230] N3T4 seed=7984 → simulation_data_run403_N3T4.csv (1626s elapsed)
  [404/1230] N3T4 seed=1875 → simulation_data_run404_N3T4.csv (1630s elapsed)
  [405/1230] N3T4 seed=3619 → simulation_data_run405_N3T4.csv (1635s elapsed)
  [406/1230] N3T4 seed=6724 → simulation_data_run406_N3T4.csv (1639s elapsed)
  [407/1230] N3T4 seed=5796 → simulation_data_run407_N3T4.csv (1643s elapsed)
  [408/1230] N3T4 seed=1951 → simulation_data_run408_N3T4.csv (1647s elapsed)
  [409/1230] N3T4 seed=6593 → simulation_data_run409_N3T4.csv (1650s elapsed)
  [410/1230] N3T4 seed=5776 → simulation_data_run410_N3T4.csv (1654s elapsed)
  [411/1230] N3T4 seed=9203 → simulation_data_run411_N3T4.csv (1658s elapsed)
  [412/1230] N3T4 seed=6022 → simulation_data_run412_N3T4.csv (1663s elapsed)
  [413/1230] N3T4 seed=8843 → simulation_data_run413_N3T4.csv (1667s elapsed)
  [414/1230] N3T4 seed=9623 → simulation_data_run414_N3T4.csv (1670s elapsed)
  [415/1230] N3T4 seed=876 → simulation_data_run415_N3T4.csv (1674s elapsed)
  [416/1230] N3T4 seed=723 → simulation_data_run416_N3T4.csv (1678s elapsed)
  [417/1230] N3T4 seed=5025 → simulation_data_run417_N3T4.csv (1682s elapsed)
  [418/1230] N3T4 seed=4999 → simulation_data_run418_N3T4.csv (1686s elapsed)
  [419/1230] N3T4 seed=5550 → simulation_data_run419_N3T4.csv (1691s elapsed)
  [420/1230] N3T4 seed=7440 → simulation_data_run420_N3T4.csv (1694s elapsed)
  [421/1230] N4T4 seed=3153 → simulation_data_run421_N4T4.csv (1698s elapsed)
  [422/1230] N4T4 seed=1772 → simulation_data_run422_N4T4.csv (1702s elapsed)
  [423/1230] N4T4 seed=6800 → simulation_data_run423_N4T4.csv (1706s elapsed)
  [424/1230] N4T4 seed=3880 → simulation_data_run424_N4T4.csv (1710s elapsed)
  [425/1230] N4T4 seed=9296 → simulation_data_run425_N4T4.csv (1715s elapsed)
  [426/1230] N4T4 seed=629 → simulation_data_run426_N4T4.csv (1718s elapsed)
  [427/1230] N4T4 seed=7091 → simulation_data_run427_N4T4.csv (1722s elapsed)
  [428/1230] N4T4 seed=7258 → simulation_data_run428_N4T4.csv (1726s elapsed)
  [429/1230] N4T4 seed=2710 → simulation_data_run429_N4T4.csv (1730s elapsed)
  [430/1230] N4T4 seed=878 → simulation_data_run430_N4T4.csv (1734s elapsed)
  [431/1230] N4T4 seed=3182 → simulation_data_run431_N4T4.csv (1738s elapsed)
  [432/1230] N4T4 seed=3951 → simulation_data_run432_N4T4.csv (1742s elapsed)
  [433/1230] N4T4 seed=9793 → simulation_data_run433_N4T4.csv (1746s elapsed)
  [434/1230] N4T4 seed=8734 → simulation_data_run434_N4T4.csv (1749s elapsed)
  [435/1230] N4T4 seed=2311 → simulation_data_run435_N4T4.csv (1753s elapsed)
  [436/1230] N4T4 seed=4723 → simulation_data_run436_N4T4.csv (1757s elapsed)
  [437/1230] N4T4 seed=5998 → simulation_data_run437_N4T4.csv (1762s elapsed)
  [438/1230] N4T4 seed=9125 → simulation_data_run438_N4T4.csv (1766s elapsed)
  [439/1230] N4T4 seed=1351 → simulation_data_run439_N4T4.csv (1770s elapsed)
  [440/1230] N4T4 seed=7658 → simulation_data_run440_N4T4.csv (1773s elapsed)
  [441/1230] N4T4 seed=9251 → simulation_data_run441_N4T4.csv (1777s elapsed)
  [442/1230] N4T4 seed=9152 → simulation_data_run442_N4T4.csv (1781s elapsed)
  [443/1230] N4T4 seed=2770 → simulation_data_run443_N4T4.csv (1785s elapsed)
  [444/1230] N4T4 seed=1274 → simulation_data_run444_N4T4.csv (1789s elapsed)
  [445/1230] N4T4 seed=5937 → simulation_data_run445_N4T4.csv (1793s elapsed)
  [446/1230] N4T4 seed=736 → simulation_data_run446_N4T4.csv (1797s elapsed)
  [447/1230] N4T4 seed=1300 → simulation_data_run447_N4T4.csv (1801s elapsed)
  [448/1230] N4T4 seed=704 → simulation_data_run448_N4T4.csv (1805s elapsed)
  [449/1230] N4T4 seed=2109 → simulation_data_run449_N4T4.csv (1809s elapsed)
  [450/1230] N4T4 seed=8687 → simulation_data_run450_N4T4.csv (1813s elapsed)
  [451/1230] N5T4 seed=6726 → simulation_data_run451_N5T4.csv (1817s elapsed)
  [452/1230] N5T4 seed=6340 → simulation_data_run452_N5T4.csv (1821s elapsed)
  [453/1230] N5T4 seed=9853 → simulation_data_run453_N5T4.csv (1825s elapsed)
  [454/1230] N5T4 seed=4965 → simulation_data_run454_N5T4.csv (1829s elapsed)
  [455/1230] N5T4 seed=400 → simulation_data_run455_N5T4.csv (1833s elapsed)
  [456/1230] N5T4 seed=1636 → simulation_data_run456_N5T4.csv (1837s elapsed)
  [457/1230] N5T4 seed=2603 → simulation_data_run457_N5T4.csv (1841s elapsed)
  [458/1230] N5T4 seed=6736 → simulation_data_run458_N5T4.csv (1845s elapsed)
  [459/1230] N5T4 seed=3570 → simulation_data_run459_N5T4.csv (1849s elapsed)
  [460/1230] N5T4 seed=3180 → simulation_data_run460_N5T4.csv (1853s elapsed)
  [461/1230] N5T4 seed=1122 → simulation_data_run461_N5T4.csv (1857s elapsed)
  [462/1230] N5T4 seed=7108 → simulation_data_run462_N5T4.csv (1861s elapsed)
  [463/1230] N5T4 seed=245 → simulation_data_run463_N5T4.csv (1865s elapsed)
  [464/1230] N5T4 seed=4603 → simulation_data_run464_N5T4.csv (1869s elapsed)
  [465/1230] N5T4 seed=7443 → simulation_data_run465_N5T4.csv (1872s elapsed)
  [466/1230] N5T4 seed=5074 → simulation_data_run466_N5T4.csv (1876s elapsed)
  [467/1230] N5T4 seed=6869 → simulation_data_run467_N5T4.csv (1880s elapsed)
  [468/1230] N5T4 seed=7896 → simulation_data_run468_N5T4.csv (1884s elapsed)
  [469/1230] N5T4 seed=2249 → simulation_data_run469_N5T4.csv (1889s elapsed)
  [470/1230] N5T4 seed=928 → simulation_data_run470_N5T4.csv (1893s elapsed)
  [471/1230] N5T4 seed=564 → simulation_data_run471_N5T4.csv (1896s elapsed)
  [472/1230] N5T4 seed=5787 → simulation_data_run472_N5T4.csv (1900s elapsed)
  [473/1230] N5T4 seed=2640 → simulation_data_run473_N5T4.csv (1904s elapsed)
  [474/1230] N5T4 seed=1972 → simulation_data_run474_N5T4.csv (1908s elapsed)
  [475/1230] N5T4 seed=7348 → simulation_data_run475_N5T4.csv (1912s elapsed)
  [476/1230] N5T4 seed=8080 → simulation_data_run476_N5T4.csv (1916s elapsed)
  [477/1230] N5T4 seed=9543 → simulation_data_run477_N5T4.csv (1920s elapsed)
  [478/1230] N5T4 seed=4888 → simulation_data_run478_N5T4.csv (1924s elapsed)
  [479/1230] N5T4 seed=5225 → simulation_data_run479_N5T4.csv (1928s elapsed)
  [480/1230] N5T4 seed=9885 → simulation_data_run480_N5T4.csv (1932s elapsed)
  [481/1230] N6T4 seed=5037 → simulation_data_run481_N6T4.csv (1936s elapsed)
  [482/1230] N6T4 seed=1830 → simulation_data_run482_N6T4.csv (1940s elapsed)
  [483/1230] N6T4 seed=2558 → simulation_data_run483_N6T4.csv (1945s elapsed)
  [484/1230] N6T4 seed=9629 → simulation_data_run484_N6T4.csv (1948s elapsed)
  [485/1230] N6T4 seed=433 → simulation_data_run485_N6T4.csv (1952s elapsed)
  [486/1230] N6T4 seed=8008 → simulation_data_run486_N6T4.csv (1956s elapsed)
  [487/1230] N6T4 seed=6474 → simulation_data_run487_N6T4.csv (1960s elapsed)
  [488/1230] N6T4 seed=4812 → simulation_data_run488_N6T4.csv (1964s elapsed)
  [489/1230] N6T4 seed=8334 → simulation_data_run489_N6T4.csv (1969s elapsed)
  [490/1230] N6T4 seed=8134 → simulation_data_run490_N6T4.csv (1972s elapsed)
  [491/1230] N6T4 seed=4400 → simulation_data_run491_N6T4.csv (1976s elapsed)
  [492/1230] N6T4 seed=6028 → simulation_data_run492_N6T4.csv (1980s elapsed)
  [493/1230] N6T4 seed=7636 → simulation_data_run493_N6T4.csv (1984s elapsed)
  [494/1230] N6T4 seed=6550 → simulation_data_run494_N6T4.csv (1988s elapsed)
  [495/1230] N6T4 seed=4855 → simulation_data_run495_N6T4.csv (1992s elapsed)
  [496/1230] N6T4 seed=9136 → simulation_data_run496_N6T4.csv (1996s elapsed)
  [497/1230] N6T4 seed=8827 → simulation_data_run497_N6T4.csv (2000s elapsed)
  [498/1230] N6T4 seed=653 → simulation_data_run498_N6T4.csv (2004s elapsed)
  [499/1230] N6T4 seed=5470 → simulation_data_run499_N6T4.csv (2008s elapsed)
  [500/1230] N6T4 seed=8349 → simulation_data_run500_N6T4.csv (2012s elapsed)
  [501/1230] N6T4 seed=845 → simulation_data_run501_N6T4.csv (2016s elapsed)
  [502/1230] N6T4 seed=3818 → simulation_data_run502_N6T4.csv (2021s elapsed)
  [503/1230] N6T4 seed=5086 → simulation_data_run503_N6T4.csv (2024s elapsed)
  [504/1230] N6T4 seed=3255 → simulation_data_run504_N6T4.csv (2028s elapsed)
  [505/1230] N6T4 seed=6953 → simulation_data_run505_N6T4.csv (2032s elapsed)
  [506/1230] N6T4 seed=9939 → simulation_data_run506_N6T4.csv (2036s elapsed)
  [507/1230] N6T4 seed=3638 → simulation_data_run507_N6T4.csv (2040s elapsed)
  [508/1230] N6T4 seed=7811 → simulation_data_run508_N6T4.csv (2045s elapsed)
  [509/1230] N6T4 seed=1172 → simulation_data_run509_N6T4.csv (2049s elapsed)
  [510/1230] N6T4 seed=4855 → simulation_data_run510_N6T4.csv (2052s elapsed)
  [511/1230] N7T4 seed=54 → simulation_data_run511_N7T4.csv (2056s elapsed)
  [512/1230] N7T4 seed=4226 → simulation_data_run512_N7T4.csv (2060s elapsed)
  [513/1230] N7T4 seed=141 → simulation_data_run513_N7T4.csv (2065s elapsed)
  [514/1230] N7T4 seed=8774 → simulation_data_run514_N7T4.csv (2069s elapsed)
  [515/1230] N7T4 seed=9692 → simulation_data_run515_N7T4.csv (2073s elapsed)
  [516/1230] N7T4 seed=868 → simulation_data_run516_N7T4.csv (2076s elapsed)
  [517/1230] N7T4 seed=8179 → simulation_data_run517_N7T4.csv (2080s elapsed)
  [518/1230] N7T4 seed=7083 → simulation_data_run518_N7T4.csv (2084s elapsed)
  [519/1230] N7T4 seed=3008 → simulation_data_run519_N7T4.csv (2088s elapsed)
  [520/1230] N7T4 seed=7890 → simulation_data_run520_N7T4.csv (2092s elapsed)
  [521/1230] N7T4 seed=9622 → simulation_data_run521_N7T4.csv (2096s elapsed)
  [522/1230] N7T4 seed=7991 → simulation_data_run522_N7T4.csv (2100s elapsed)
  [523/1230] N7T4 seed=6924 → simulation_data_run523_N7T4.csv (2104s elapsed)
  [524/1230] N7T4 seed=3223 → simulation_data_run524_N7T4.csv (2108s elapsed)
  [525/1230] N7T4 seed=6064 → simulation_data_run525_N7T4.csv (2112s elapsed)
  [526/1230] N7T4 seed=7965 → simulation_data_run526_N7T4.csv (2116s elapsed)
  [527/1230] N7T4 seed=7145 → simulation_data_run527_N7T4.csv (2120s elapsed)
  [528/1230] N7T4 seed=2253 → simulation_data_run528_N7T4.csv (2124s elapsed)
  [529/1230] N7T4 seed=4120 → simulation_data_run529_N7T4.csv (2128s elapsed)
  [530/1230] N7T4 seed=3623 → simulation_data_run530_N7T4.csv (2132s elapsed)
  [531/1230] N7T4 seed=6947 → simulation_data_run531_N7T4.csv (2136s elapsed)
  [532/1230] N7T4 seed=4174 → simulation_data_run532_N7T4.csv (2140s elapsed)
  [533/1230] N7T4 seed=4194 → simulation_data_run533_N7T4.csv (2144s elapsed)
  [534/1230] N7T4 seed=5414 → simulation_data_run534_N7T4.csv (2148s elapsed)
  [535/1230] N7T4 seed=5793 → simulation_data_run535_N7T4.csv (2152s elapsed)
  [536/1230] N7T4 seed=1126 → simulation_data_run536_N7T4.csv (2156s elapsed)
  [537/1230] N7T4 seed=9248 → simulation_data_run537_N7T4.csv (2160s elapsed)
  [538/1230] N7T4 seed=4069 → simulation_data_run538_N7T4.csv (2164s elapsed)
  [539/1230] N7T4 seed=1755 → simulation_data_run539_N7T4.csv (2168s elapsed)
  [540/1230] N7T4 seed=4 → simulation_data_run540_N7T4.csv (2172s elapsed)
  [541/1230] N8T4 seed=4348 → simulation_data_run541_N8T4.csv (2176s elapsed)
  [542/1230] N8T4 seed=7443 → simulation_data_run542_N8T4.csv (2180s elapsed)
  [543/1230] N8T4 seed=2963 → simulation_data_run543_N8T4.csv (2184s elapsed)
  [544/1230] N8T4 seed=8518 → simulation_data_run544_N8T4.csv (2188s elapsed)
  [545/1230] N8T4 seed=1996 → simulation_data_run545_N8T4.csv (2192s elapsed)
  [546/1230] N8T4 seed=1390 → simulation_data_run546_N8T4.csv (2197s elapsed)
  [547/1230] N8T4 seed=3911 → simulation_data_run547_N8T4.csv (2201s elapsed)
  [548/1230] N8T4 seed=7037 → simulation_data_run548_N8T4.csv (2204s elapsed)
  [549/1230] N8T4 seed=2996 → simulation_data_run549_N8T4.csv (2208s elapsed)
  [550/1230] N8T4 seed=8210 → simulation_data_run550_N8T4.csv (2212s elapsed)
  [551/1230] N8T4 seed=209 → simulation_data_run551_N8T4.csv (2216s elapsed)
  [552/1230] N8T4 seed=9817 → simulation_data_run552_N8T4.csv (2221s elapsed)
  [553/1230] N8T4 seed=472 → simulation_data_run553_N8T4.csv (2225s elapsed)
  [554/1230] N8T4 seed=8437 → simulation_data_run554_N8T4.csv (2229s elapsed)
  [555/1230] N8T4 seed=36 → simulation_data_run555_N8T4.csv (2233s elapsed)
  [556/1230] N8T4 seed=4241 → simulation_data_run556_N8T4.csv (2236s elapsed)
  [557/1230] N8T4 seed=3094 → simulation_data_run557_N8T4.csv (2241s elapsed)
  [558/1230] N8T4 seed=9795 → simulation_data_run558_N8T4.csv (2245s elapsed)
  [559/1230] N8T4 seed=6548 → simulation_data_run559_N8T4.csv (2249s elapsed)
  [560/1230] N8T4 seed=9738 → simulation_data_run560_N8T4.csv (2253s elapsed)
  [561/1230] N8T4 seed=4145 → simulation_data_run561_N8T4.csv (2256s elapsed)
  [562/1230] N8T4 seed=5036 → simulation_data_run562_N8T4.csv (2260s elapsed)
  [563/1230] N8T4 seed=5022 → simulation_data_run563_N8T4.csv (2264s elapsed)
  [564/1230] N8T4 seed=7533 → simulation_data_run564_N8T4.csv (2268s elapsed)
  [565/1230] N8T4 seed=5091 → simulation_data_run565_N8T4.csv (2273s elapsed)
  [566/1230] N8T4 seed=9137 → simulation_data_run566_N8T4.csv (2277s elapsed)
  [567/1230] N8T4 seed=1920 → simulation_data_run567_N8T4.csv (2280s elapsed)
  [568/1230] N8T4 seed=4761 → simulation_data_run568_N8T4.csv (2284s elapsed)
  [569/1230] N8T4 seed=2468 → simulation_data_run569_N8T4.csv (2288s elapsed)
  [570/1230] N8T4 seed=8637 → simulation_data_run570_N8T4.csv (2292s elapsed)
  [571/1230] N9T4 seed=1374 → simulation_data_run571_N9T4.csv (2297s elapsed)
  [572/1230] N9T4 seed=7015 → simulation_data_run572_N9T4.csv (2301s elapsed)
  [573/1230] N9T4 seed=9117 → simulation_data_run573_N9T4.csv (2304s elapsed)
  [574/1230] N9T4 seed=2939 → simulation_data_run574_N9T4.csv (2308s elapsed)
  [575/1230] N9T4 seed=2792 → simulation_data_run575_N9T4.csv (2312s elapsed)
  [576/1230] N9T4 seed=7675 → simulation_data_run576_N9T4.csv (2316s elapsed)
  [577/1230] N9T4 seed=5912 → simulation_data_run577_N9T4.csv (2321s elapsed)
  [578/1230] N9T4 seed=5706 → simulation_data_run578_N9T4.csv (2325s elapsed)
  [579/1230] N9T4 seed=8840 → simulation_data_run579_N9T4.csv (2329s elapsed)
  [580/1230] N9T4 seed=939 → simulation_data_run580_N9T4.csv (2333s elapsed)
  [581/1230] N9T4 seed=2731 → simulation_data_run581_N9T4.csv (2337s elapsed)
  [582/1230] N9T4 seed=3914 → simulation_data_run582_N9T4.csv (2340s elapsed)
  [583/1230] N9T4 seed=9173 → simulation_data_run583_N9T4.csv (2345s elapsed)
  [584/1230] N9T4 seed=738 → simulation_data_run584_N9T4.csv (2349s elapsed)
  [585/1230] N9T4 seed=4526 → simulation_data_run585_N9T4.csv (2353s elapsed)
  [586/1230] N9T4 seed=4761 → simulation_data_run586_N9T4.csv (2357s elapsed)
  [587/1230] N9T4 seed=146 → simulation_data_run587_N9T4.csv (2361s elapsed)
  [588/1230] N9T4 seed=4285 → simulation_data_run588_N9T4.csv (2365s elapsed)
  [589/1230] N9T4 seed=6487 → simulation_data_run589_N9T4.csv (2369s elapsed)
  [590/1230] N9T4 seed=4237 → simulation_data_run590_N9T4.csv (2373s elapsed)
  [591/1230] N9T4 seed=3056 → simulation_data_run591_N9T4.csv (2377s elapsed)
  [592/1230] N9T4 seed=5862 → simulation_data_run592_N9T4.csv (2381s elapsed)
  [593/1230] N9T4 seed=9807 → simulation_data_run593_N9T4.csv (2385s elapsed)
  [594/1230] N9T4 seed=1227 → simulation_data_run594_N9T4.csv (2389s elapsed)
  [595/1230] N9T4 seed=2862 → simulation_data_run595_N9T4.csv (2393s elapsed)
  [596/1230] N9T4 seed=9336 → simulation_data_run596_N9T4.csv (2397s elapsed)
  [597/1230] N9T4 seed=2964 → simulation_data_run597_N9T4.csv (2401s elapsed)
  [598/1230] N9T4 seed=6840 → simulation_data_run598_N9T4.csv (2405s elapsed)
  [599/1230] N9T4 seed=3514 → simulation_data_run599_N9T4.csv (2409s elapsed)
  [600/1230] N9T4 seed=8237 → simulation_data_run600_N9T4.csv (2413s elapsed)
  [601/1230] N10T4 seed=5853 → simulation_data_run601_N10T4.csv (2416s elapsed)
  [602/1230] N10T4 seed=8967 → simulation_data_run602_N10T4.csv (2421s elapsed)
  [603/1230] N10T4 seed=6374 → simulation_data_run603_N10T4.csv (2425s elapsed)
  [604/1230] N10T4 seed=5833 → simulation_data_run604_N10T4.csv (2429s elapsed)
  [605/1230] N10T4 seed=4885 → simulation_data_run605_N10T4.csv (2433s elapsed)
  [606/1230] N10T4 seed=403 → simulation_data_run606_N10T4.csv (2437s elapsed)
  [607/1230] N10T4 seed=1207 → simulation_data_run607_N10T4.csv (2440s elapsed)
  [608/1230] N10T4 seed=7114 → simulation_data_run608_N10T4.csv (2445s elapsed)
  [609/1230] N10T4 seed=6395 → simulation_data_run609_N10T4.csv (2449s elapsed)
  [610/1230] N10T4 seed=5690 → simulation_data_run610_N10T4.csv (2453s elapsed)
  [611/1230] N10T4 seed=1169 → simulation_data_run611_N10T4.csv (2457s elapsed)
  [612/1230] N10T4 seed=8258 → simulation_data_run612_N10T4.csv (2461s elapsed)
  [613/1230] N10T4 seed=7961 → simulation_data_run613_N10T4.csv (2465s elapsed)
  [614/1230] N10T4 seed=5321 → simulation_data_run614_N10T4.csv (2468s elapsed)
  [615/1230] N10T4 seed=2543 → simulation_data_run615_N10T4.csv (2473s elapsed)
  [616/1230] N10T4 seed=8131 → simulation_data_run616_N10T4.csv (2477s elapsed)
  [617/1230] N10T4 seed=5217 → simulation_data_run617_N10T4.csv (2481s elapsed)
  [618/1230] N10T4 seed=9969 → simulation_data_run618_N10T4.csv (2485s elapsed)
  [619/1230] N10T4 seed=2805 → simulation_data_run619_N10T4.csv (2489s elapsed)
  [620/1230] N10T4 seed=3505 → simulation_data_run620_N10T4.csv (2493s elapsed)
  [621/1230] N10T4 seed=8035 → simulation_data_run621_N10T4.csv (2497s elapsed)
  [622/1230] N10T4 seed=1710 → simulation_data_run622_N10T4.csv (2501s elapsed)
  [623/1230] N10T4 seed=3219 → simulation_data_run623_N10T4.csv (2505s elapsed)
  [624/1230] N10T4 seed=3916 → simulation_data_run624_N10T4.csv (2509s elapsed)
  [625/1230] N10T4 seed=7261 → simulation_data_run625_N10T4.csv (2513s elapsed)
  [626/1230] N10T4 seed=7529 → simulation_data_run626_N10T4.csv (2517s elapsed)
  [627/1230] N10T4 seed=7883 → simulation_data_run627_N10T4.csv (2521s elapsed)
  [628/1230] N10T4 seed=4392 → simulation_data_run628_N10T4.csv (2525s elapsed)
  [629/1230] N10T4 seed=6153 → simulation_data_run629_N10T4.csv (2529s elapsed)
  [630/1230] N10T4 seed=5883 → simulation_data_run630_N10T4.csv (2533s elapsed)
  [631/1230] N1T5 seed=7720 → simulation_data_run631_N1T5.csv (2537s elapsed)
  [632/1230] N1T5 seed=1274 → simulation_data_run632_N1T5.csv (2541s elapsed)
  [633/1230] N1T5 seed=3181 → simulation_data_run633_N1T5.csv (2545s elapsed)
  [634/1230] N1T5 seed=7260 → simulation_data_run634_N1T5.csv (2549s elapsed)
  [635/1230] N1T5 seed=2018 → simulation_data_run635_N1T5.csv (2553s elapsed)
  [636/1230] N1T5 seed=2801 → simulation_data_run636_N1T5.csv (2557s elapsed)
  [637/1230] N1T5 seed=9784 → simulation_data_run637_N1T5.csv (2561s elapsed)
  [638/1230] N1T5 seed=1906 → simulation_data_run638_N1T5.csv (2565s elapsed)
  [639/1230] N1T5 seed=9979 → simulation_data_run639_N1T5.csv (2569s elapsed)
  [640/1230] N1T5 seed=8628 → simulation_data_run640_N1T5.csv (2573s elapsed)
  [641/1230] N1T5 seed=1561 → simulation_data_run641_N1T5.csv (2577s elapsed)
  [642/1230] N1T5 seed=5643 → simulation_data_run642_N1T5.csv (2581s elapsed)
  [643/1230] N1T5 seed=3237 → simulation_data_run643_N1T5.csv (2585s elapsed)
  [644/1230] N1T5 seed=4845 → simulation_data_run644_N1T5.csv (2589s elapsed)
  [645/1230] N1T5 seed=6098 → simulation_data_run645_N1T5.csv (2593s elapsed)
  [646/1230] N1T5 seed=8987 → simulation_data_run646_N1T5.csv (2597s elapsed)
  [647/1230] N1T5 seed=9312 → simulation_data_run647_N1T5.csv (2601s elapsed)
  [648/1230] N1T5 seed=860 → simulation_data_run648_N1T5.csv (2605s elapsed)
  [649/1230] N1T5 seed=1790 → simulation_data_run649_N1T5.csv (2609s elapsed)
  [650/1230] N1T5 seed=6961 → simulation_data_run650_N1T5.csv (2613s elapsed)
  [651/1230] N1T5 seed=2062 → simulation_data_run651_N1T5.csv (2617s elapsed)
  [652/1230] N1T5 seed=3280 → simulation_data_run652_N1T5.csv (2621s elapsed)
  [653/1230] N1T5 seed=5854 → simulation_data_run653_N1T5.csv (2625s elapsed)
  [654/1230] N1T5 seed=1754 → simulation_data_run654_N1T5.csv (2629s elapsed)
  [655/1230] N1T5 seed=9943 → simulation_data_run655_N1T5.csv (2633s elapsed)
  [656/1230] N1T5 seed=6747 → simulation_data_run656_N1T5.csv (2637s elapsed)
  [657/1230] N1T5 seed=2272 → simulation_data_run657_N1T5.csv (2641s elapsed)
  [658/1230] N1T5 seed=3628 → simulation_data_run658_N1T5.csv (2645s elapsed)
  [659/1230] N1T5 seed=6481 → simulation_data_run659_N1T5.csv (2649s elapsed)
  [660/1230] N1T5 seed=3299 → simulation_data_run660_N1T5.csv (2653s elapsed)
  [661/1230] N2T5 seed=6217 → simulation_data_run661_N2T5.csv (2657s elapsed)
  [662/1230] N2T5 seed=9435 → simulation_data_run662_N2T5.csv (2661s elapsed)
  [663/1230] N2T5 seed=3654 → simulation_data_run663_N2T5.csv (2665s elapsed)
  [664/1230] N2T5 seed=1993 → simulation_data_run664_N2T5.csv (2669s elapsed)
  [665/1230] N2T5 seed=2858 → simulation_data_run665_N2T5.csv (2673s elapsed)
  [666/1230] N2T5 seed=5121 → simulation_data_run666_N2T5.csv (2677s elapsed)
  [667/1230] N2T5 seed=5557 → simulation_data_run667_N2T5.csv (2681s elapsed)
  [668/1230] N2T5 seed=241 → simulation_data_run668_N2T5.csv (2685s elapsed)
  [669/1230] N2T5 seed=6431 → simulation_data_run669_N2T5.csv (2689s elapsed)
  [670/1230] N2T5 seed=1634 → simulation_data_run670_N2T5.csv (2693s elapsed)
  [671/1230] N2T5 seed=6298 → simulation_data_run671_N2T5.csv (2697s elapsed)
  [672/1230] N2T5 seed=8833 → simulation_data_run672_N2T5.csv (2701s elapsed)
  [673/1230] N2T5 seed=1934 → simulation_data_run673_N2T5.csv (2705s elapsed)
  [674/1230] N2T5 seed=7891 → simulation_data_run674_N2T5.csv (2709s elapsed)
  [675/1230] N2T5 seed=341 → simulation_data_run675_N2T5.csv (2713s elapsed)
  [676/1230] N2T5 seed=5568 → simulation_data_run676_N2T5.csv (2717s elapsed)
  [677/1230] N2T5 seed=6669 → simulation_data_run677_N2T5.csv (2721s elapsed)
  [678/1230] N2T5 seed=2225 → simulation_data_run678_N2T5.csv (2725s elapsed)
  [679/1230] N2T5 seed=7815 → simulation_data_run679_N2T5.csv (2729s elapsed)
  [680/1230] N2T5 seed=5577 → simulation_data_run680_N2T5.csv (2734s elapsed)
  [681/1230] N2T5 seed=4179 → simulation_data_run681_N2T5.csv (2738s elapsed)
  [682/1230] N2T5 seed=122 → simulation_data_run682_N2T5.csv (2741s elapsed)
  [683/1230] N2T5 seed=1347 → simulation_data_run683_N2T5.csv (2745s elapsed)
  [684/1230] N2T5 seed=7129 → simulation_data_run684_N2T5.csv (2749s elapsed)
  [685/1230] N2T5 seed=4069 → simulation_data_run685_N2T5.csv (2753s elapsed)
  [686/1230] N2T5 seed=7167 → simulation_data_run686_N2T5.csv (2758s elapsed)
  [687/1230] N2T5 seed=9609 → simulation_data_run687_N2T5.csv (2762s elapsed)
  [688/1230] N2T5 seed=6460 → simulation_data_run688_N2T5.csv (2765s elapsed)
  [689/1230] N2T5 seed=7416 → simulation_data_run689_N2T5.csv (2769s elapsed)
  [690/1230] N2T5 seed=6113 → simulation_data_run690_N2T5.csv (2773s elapsed)
  [691/1230] N3T5 seed=3002 → simulation_data_run691_N3T5.csv (2778s elapsed)
  [692/1230] N3T5 seed=738 → simulation_data_run692_N3T5.csv (2782s elapsed)
  [693/1230] N3T5 seed=6131 → simulation_data_run693_N3T5.csv (2786s elapsed)
  [694/1230] N3T5 seed=2464 → simulation_data_run694_N3T5.csv (2790s elapsed)
  [695/1230] N3T5 seed=1210 → simulation_data_run695_N3T5.csv (2793s elapsed)
  [696/1230] N3T5 seed=5743 → simulation_data_run696_N3T5.csv (2797s elapsed)
  [697/1230] N3T5 seed=6100 → simulation_data_run697_N3T5.csv (2801s elapsed)
  [698/1230] N3T5 seed=3942 → simulation_data_run698_N3T5.csv (2805s elapsed)
  [699/1230] N3T5 seed=6296 → simulation_data_run699_N3T5.csv (2810s elapsed)
  [700/1230] N3T5 seed=9919 → simulation_data_run700_N3T5.csv (2813s elapsed)
  [701/1230] N3T5 seed=7581 → simulation_data_run701_N3T5.csv (2817s elapsed)
  [702/1230] N3T5 seed=9236 → simulation_data_run702_N3T5.csv (2821s elapsed)
  [703/1230] N3T5 seed=679 → simulation_data_run703_N3T5.csv (2825s elapsed)
  [704/1230] N3T5 seed=1520 → simulation_data_run704_N3T5.csv (2829s elapsed)
  [705/1230] N3T5 seed=3585 → simulation_data_run705_N3T5.csv (2833s elapsed)
  [706/1230] N3T5 seed=5899 → simulation_data_run706_N3T5.csv (2837s elapsed)
  [707/1230] N3T5 seed=6954 → simulation_data_run707_N3T5.csv (2841s elapsed)
  [708/1230] N3T5 seed=6961 → simulation_data_run708_N3T5.csv (2845s elapsed)
  [709/1230] N3T5 seed=9064 → simulation_data_run709_N3T5.csv (2849s elapsed)
  [710/1230] N3T5 seed=1366 → simulation_data_run710_N3T5.csv (2853s elapsed)
  [711/1230] N3T5 seed=1715 → simulation_data_run711_N3T5.csv (2857s elapsed)
  [712/1230] N3T5 seed=3126 → simulation_data_run712_N3T5.csv (2861s elapsed)
  [713/1230] N3T5 seed=1677 → simulation_data_run713_N3T5.csv (2865s elapsed)
  [714/1230] N3T5 seed=7158 → simulation_data_run714_N3T5.csv (2869s elapsed)
  [715/1230] N3T5 seed=4120 → simulation_data_run715_N3T5.csv (2873s elapsed)
  [716/1230] N3T5 seed=9010 → simulation_data_run716_N3T5.csv (2877s elapsed)
  [717/1230] N3T5 seed=2837 → simulation_data_run717_N3T5.csv (2881s elapsed)
  [718/1230] N3T5 seed=3417 → simulation_data_run718_N3T5.csv (2886s elapsed)
  [719/1230] N3T5 seed=2989 → simulation_data_run719_N3T5.csv (2890s elapsed)
  [720/1230] N3T5 seed=2389 → simulation_data_run720_N3T5.csv (2893s elapsed)
  [721/1230] N4T5 seed=8405 → simulation_data_run721_N4T5.csv (2897s elapsed)
  [722/1230] N4T5 seed=8217 → simulation_data_run722_N4T5.csv (2901s elapsed)
  [723/1230] N4T5 seed=2957 → simulation_data_run723_N4T5.csv (2905s elapsed)
  [724/1230] N4T5 seed=5849 → simulation_data_run724_N4T5.csv (2910s elapsed)
  [725/1230] N4T5 seed=8784 → simulation_data_run725_N4T5.csv (2914s elapsed)
  [726/1230] N4T5 seed=4765 → simulation_data_run726_N4T5.csv (2918s elapsed)
  [727/1230] N4T5 seed=9024 → simulation_data_run727_N4T5.csv (2921s elapsed)
  [728/1230] N4T5 seed=2561 → simulation_data_run728_N4T5.csv (2925s elapsed)
  [729/1230] N4T5 seed=2259 → simulation_data_run729_N4T5.csv (2930s elapsed)
  [730/1230] N4T5 seed=727 → simulation_data_run730_N4T5.csv (2934s elapsed)
  [731/1230] N4T5 seed=6314 → simulation_data_run731_N4T5.csv (2938s elapsed)
  [732/1230] N4T5 seed=179 → simulation_data_run732_N4T5.csv (2942s elapsed)
  [733/1230] N4T5 seed=1780 → simulation_data_run733_N4T5.csv (2946s elapsed)
  [734/1230] N4T5 seed=5799 → simulation_data_run734_N4T5.csv (2950s elapsed)
  [735/1230] N4T5 seed=4406 → simulation_data_run735_N4T5.csv (2954s elapsed)
  [736/1230] N4T5 seed=1911 → simulation_data_run736_N4T5.csv (2958s elapsed)
  [737/1230] N4T5 seed=5126 → simulation_data_run737_N4T5.csv (2962s elapsed)
  [738/1230] N4T5 seed=9754 → simulation_data_run738_N4T5.csv (2966s elapsed)
  [739/1230] N4T5 seed=9831 → simulation_data_run739_N4T5.csv (2969s elapsed)
  [740/1230] N4T5 seed=1075 → simulation_data_run740_N4T5.csv (2973s elapsed)
  [741/1230] N4T5 seed=7531 → simulation_data_run741_N4T5.csv (2977s elapsed)
  [742/1230] N4T5 seed=4520 → simulation_data_run742_N4T5.csv (2981s elapsed)
  [743/1230] N4T5 seed=4657 → simulation_data_run743_N4T5.csv (2986s elapsed)
  [744/1230] N4T5 seed=3946 → simulation_data_run744_N4T5.csv (2990s elapsed)
  [745/1230] N4T5 seed=8368 → simulation_data_run745_N4T5.csv (2993s elapsed)
  [746/1230] N4T5 seed=2323 → simulation_data_run746_N4T5.csv (2997s elapsed)
  [747/1230] N4T5 seed=5846 → simulation_data_run747_N4T5.csv (3001s elapsed)
  [748/1230] N4T5 seed=7487 → simulation_data_run748_N4T5.csv (3005s elapsed)
  [749/1230] N4T5 seed=4144 → simulation_data_run749_N4T5.csv (3010s elapsed)
  [750/1230] N4T5 seed=6436 → simulation_data_run750_N4T5.csv (3014s elapsed)
  [751/1230] N5T5 seed=1185 → simulation_data_run751_N5T5.csv (3018s elapsed)
  [752/1230] N5T5 seed=7257 → simulation_data_run752_N5T5.csv (3022s elapsed)
  [753/1230] N5T5 seed=3038 → simulation_data_run753_N5T5.csv (3026s elapsed)
  [754/1230] N5T5 seed=828 → simulation_data_run754_N5T5.csv (3030s elapsed)
  [755/1230] N5T5 seed=2954 → simulation_data_run755_N5T5.csv (3034s elapsed)
  [756/1230] N5T5 seed=3527 → simulation_data_run756_N5T5.csv (3038s elapsed)
  [757/1230] N5T5 seed=6446 → simulation_data_run757_N5T5.csv (3042s elapsed)
  [758/1230] N5T5 seed=5198 → simulation_data_run758_N5T5.csv (3046s elapsed)
  [759/1230] N5T5 seed=8330 → simulation_data_run759_N5T5.csv (3050s elapsed)
  [760/1230] N5T5 seed=4267 → simulation_data_run760_N5T5.csv (3053s elapsed)
  [761/1230] N5T5 seed=8866 → simulation_data_run761_N5T5.csv (3057s elapsed)
  [762/1230] N5T5 seed=407 → simulation_data_run762_N5T5.csv (3061s elapsed)
  [763/1230] N5T5 seed=3250 → simulation_data_run763_N5T5.csv (3065s elapsed)
  [764/1230] N5T5 seed=1940 → simulation_data_run764_N5T5.csv (3069s elapsed)
  [765/1230] N5T5 seed=3822 → simulation_data_run765_N5T5.csv (3073s elapsed)
  [766/1230] N5T5 seed=9449 → simulation_data_run766_N5T5.csv (3077s elapsed)
  [767/1230] N5T5 seed=1352 → simulation_data_run767_N5T5.csv (3081s elapsed)
  [768/1230] N5T5 seed=1626 → simulation_data_run768_N5T5.csv (3085s elapsed)
  [769/1230] N5T5 seed=4081 → simulation_data_run769_N5T5.csv (3089s elapsed)
  [770/1230] N5T5 seed=8519 → simulation_data_run770_N5T5.csv (3093s elapsed)
  [771/1230] N5T5 seed=82 → simulation_data_run771_N5T5.csv (3097s elapsed)
  [772/1230] N5T5 seed=8220 → simulation_data_run772_N5T5.csv (3101s elapsed)
  [773/1230] N5T5 seed=7793 → simulation_data_run773_N5T5.csv (3105s elapsed)
  [774/1230] N5T5 seed=3913 → simulation_data_run774_N5T5.csv (3109s elapsed)
  [775/1230] N5T5 seed=429 → simulation_data_run775_N5T5.csv (3113s elapsed)
  [776/1230] N5T5 seed=4667 → simulation_data_run776_N5T5.csv (3117s elapsed)
  [777/1230] N5T5 seed=7012 → simulation_data_run777_N5T5.csv (3121s elapsed)
  [778/1230] N5T5 seed=8239 → simulation_data_run778_N5T5.csv (3125s elapsed)
  [779/1230] N5T5 seed=1585 → simulation_data_run779_N5T5.csv (3129s elapsed)
  [780/1230] N5T5 seed=6806 → simulation_data_run780_N5T5.csv (3133s elapsed)
  [781/1230] N6T5 seed=5548 → simulation_data_run781_N6T5.csv (3137s elapsed)
  [782/1230] N6T5 seed=8368 → simulation_data_run782_N6T5.csv (3141s elapsed)
  [783/1230] N6T5 seed=7101 → simulation_data_run783_N6T5.csv (3145s elapsed)
  [784/1230] N6T5 seed=7575 → simulation_data_run784_N6T5.csv (3149s elapsed)
  [785/1230] N6T5 seed=8548 → simulation_data_run785_N6T5.csv (3153s elapsed)
  [786/1230] N6T5 seed=6912 → simulation_data_run786_N6T5.csv (3157s elapsed)
  [787/1230] N6T5 seed=3943 → simulation_data_run787_N6T5.csv (3161s elapsed)
  [788/1230] N6T5 seed=9128 → simulation_data_run788_N6T5.csv (3165s elapsed)
  [789/1230] N6T5 seed=5567 → simulation_data_run789_N6T5.csv (3169s elapsed)
  [790/1230] N6T5 seed=8227 → simulation_data_run790_N6T5.csv (3173s elapsed)
  [791/1230] N6T5 seed=1029 → simulation_data_run791_N6T5.csv (3177s elapsed)
  [792/1230] N6T5 seed=1791 → simulation_data_run792_N6T5.csv (3181s elapsed)
  [793/1230] N6T5 seed=5472 → simulation_data_run793_N6T5.csv (3185s elapsed)
  [794/1230] N6T5 seed=7481 → simulation_data_run794_N6T5.csv (3190s elapsed)
  [795/1230] N6T5 seed=9508 → simulation_data_run795_N6T5.csv (3194s elapsed)
  [796/1230] N6T5 seed=867 → simulation_data_run796_N6T5.csv (3197s elapsed)
  [797/1230] N6T5 seed=8602 → simulation_data_run797_N6T5.csv (3201s elapsed)
  [798/1230] N6T5 seed=4258 → simulation_data_run798_N6T5.csv (3205s elapsed)
  [799/1230] N6T5 seed=9501 → simulation_data_run799_N6T5.csv (3209s elapsed)
  [800/1230] N6T5 seed=3967 → simulation_data_run800_N6T5.csv (3213s elapsed)
  [801/1230] N6T5 seed=9192 → simulation_data_run801_N6T5.csv (3218s elapsed)
  [802/1230] N6T5 seed=2022 → simulation_data_run802_N6T5.csv (3221s elapsed)
  [803/1230] N6T5 seed=3429 → simulation_data_run803_N6T5.csv (3225s elapsed)
  [804/1230] N6T5 seed=9378 → simulation_data_run804_N6T5.csv (3229s elapsed)
  [805/1230] N6T5 seed=9846 → simulation_data_run805_N6T5.csv (3233s elapsed)
  [806/1230] N6T5 seed=948 → simulation_data_run806_N6T5.csv (3237s elapsed)
  [807/1230] N6T5 seed=1455 → simulation_data_run807_N6T5.csv (3241s elapsed)
  [808/1230] N6T5 seed=49 → simulation_data_run808_N6T5.csv (3245s elapsed)
  [809/1230] N6T5 seed=9347 → simulation_data_run809_N6T5.csv (3249s elapsed)
  [810/1230] N6T5 seed=3229 → simulation_data_run810_N6T5.csv (3253s elapsed)
  [811/1230] N7T5 seed=5307 → simulation_data_run811_N7T5.csv (3257s elapsed)
  [812/1230] N7T5 seed=9906 → simulation_data_run812_N7T5.csv (3261s elapsed)
  [813/1230] N7T5 seed=8388 → simulation_data_run813_N7T5.csv (3265s elapsed)
  [814/1230] N7T5 seed=2647 → simulation_data_run814_N7T5.csv (3269s elapsed)
  [815/1230] N7T5 seed=3734 → simulation_data_run815_N7T5.csv (3273s elapsed)
  [816/1230] N7T5 seed=8306 → simulation_data_run816_N7T5.csv (3277s elapsed)
  [817/1230] N7T5 seed=4945 → simulation_data_run817_N7T5.csv (3280s elapsed)
  [818/1230] N7T5 seed=1731 → simulation_data_run818_N7T5.csv (3285s elapsed)
  [819/1230] N7T5 seed=9412 → simulation_data_run819_N7T5.csv (3289s elapsed)
  [820/1230] N7T5 seed=5863 → simulation_data_run820_N7T5.csv (3293s elapsed)
  [821/1230] N7T5 seed=7765 → simulation_data_run821_N7T5.csv (3297s elapsed)
  [822/1230] N7T5 seed=9583 → simulation_data_run822_N7T5.csv (3301s elapsed)
  [823/1230] N7T5 seed=6112 → simulation_data_run823_N7T5.csv (3304s elapsed)
  [824/1230] N7T5 seed=7164 → simulation_data_run824_N7T5.csv (3308s elapsed)
  [825/1230] N7T5 seed=8587 → simulation_data_run825_N7T5.csv (3313s elapsed)
  [826/1230] N7T5 seed=9804 → simulation_data_run826_N7T5.csv (3317s elapsed)
  [827/1230] N7T5 seed=5367 → simulation_data_run827_N7T5.csv (3321s elapsed)
  [828/1230] N7T5 seed=5745 → simulation_data_run828_N7T5.csv (3325s elapsed)
  [829/1230] N7T5 seed=6686 → simulation_data_run829_N7T5.csv (3329s elapsed)
  [830/1230] N7T5 seed=9832 → simulation_data_run830_N7T5.csv (3333s elapsed)
  [831/1230] N7T5 seed=4513 → simulation_data_run831_N7T5.csv (3337s elapsed)
  [832/1230] N7T5 seed=8369 → simulation_data_run832_N7T5.csv (3341s elapsed)
  [833/1230] N7T5 seed=2778 → simulation_data_run833_N7T5.csv (3345s elapsed)
  [834/1230] N7T5 seed=7781 → simulation_data_run834_N7T5.csv (3349s elapsed)
  [835/1230] N7T5 seed=1117 → simulation_data_run835_N7T5.csv (3353s elapsed)
  [836/1230] N7T5 seed=8884 → simulation_data_run836_N7T5.csv (3357s elapsed)
  [837/1230] N7T5 seed=3400 → simulation_data_run837_N7T5.csv (3361s elapsed)
  [838/1230] N7T5 seed=6314 → simulation_data_run838_N7T5.csv (3365s elapsed)
  [839/1230] N7T5 seed=1413 → simulation_data_run839_N7T5.csv (3369s elapsed)
  [840/1230] N7T5 seed=3563 → simulation_data_run840_N7T5.csv (3373s elapsed)
  [841/1230] N8T5 seed=959 → simulation_data_run841_N8T5.csv (3377s elapsed)
  [842/1230] N8T5 seed=5282 → simulation_data_run842_N8T5.csv (3381s elapsed)
  [843/1230] N8T5 seed=9867 → simulation_data_run843_N8T5.csv (3385s elapsed)
  [844/1230] N8T5 seed=2265 → simulation_data_run844_N8T5.csv (3389s elapsed)
  [845/1230] N8T5 seed=2689 → simulation_data_run845_N8T5.csv (3394s elapsed)
  [846/1230] N8T5 seed=7774 → simulation_data_run846_N8T5.csv (3397s elapsed)
  [847/1230] N8T5 seed=1885 → simulation_data_run847_N8T5.csv (3401s elapsed)
  [848/1230] N8T5 seed=1701 → simulation_data_run848_N8T5.csv (3405s elapsed)
  [849/1230] N8T5 seed=2157 → simulation_data_run849_N8T5.csv (3409s elapsed)
  [850/1230] N8T5 seed=5771 → simulation_data_run850_N8T5.csv (3413s elapsed)
  [851/1230] N8T5 seed=5037 → simulation_data_run851_N8T5.csv (3418s elapsed)
  [852/1230] N8T5 seed=5358 → simulation_data_run852_N8T5.csv (3422s elapsed)
  [853/1230] N8T5 seed=274 → simulation_data_run853_N8T5.csv (3426s elapsed)
  [854/1230] N8T5 seed=6718 → simulation_data_run854_N8T5.csv (3429s elapsed)
  [855/1230] N8T5 seed=3135 → simulation_data_run855_N8T5.csv (3433s elapsed)
  [856/1230] N8T5 seed=7604 → simulation_data_run856_N8T5.csv (3438s elapsed)
  [857/1230] N8T5 seed=8332 → simulation_data_run857_N8T5.csv (3442s elapsed)
  [858/1230] N8T5 seed=1099 → simulation_data_run858_N8T5.csv (3446s elapsed)
  [859/1230] N8T5 seed=2948 → simulation_data_run859_N8T5.csv (3450s elapsed)
  [860/1230] N8T5 seed=6249 → simulation_data_run860_N8T5.csv (3454s elapsed)
  [861/1230] N8T5 seed=1748 → simulation_data_run861_N8T5.csv (3457s elapsed)
  [862/1230] N8T5 seed=4139 → simulation_data_run862_N8T5.csv (3462s elapsed)
  [863/1230] N8T5 seed=3501 → simulation_data_run863_N8T5.csv (3466s elapsed)
  [864/1230] N8T5 seed=6141 → simulation_data_run864_N8T5.csv (3470s elapsed)
  [865/1230] N8T5 seed=7436 → simulation_data_run865_N8T5.csv (3474s elapsed)
  [866/1230] N8T5 seed=6939 → simulation_data_run866_N8T5.csv (3478s elapsed)
  [867/1230] N8T5 seed=3175 → simulation_data_run867_N8T5.csv (3482s elapsed)
  [868/1230] N8T5 seed=5854 → simulation_data_run868_N8T5.csv (3486s elapsed)
  [869/1230] N8T5 seed=8018 → simulation_data_run869_N8T5.csv (3490s elapsed)
  [870/1230] N8T5 seed=7328 → simulation_data_run870_N8T5.csv (3494s elapsed)
  [871/1230] N9T5 seed=7878 → simulation_data_run871_N9T5.csv (3498s elapsed)
  [872/1230] N9T5 seed=5200 → simulation_data_run872_N9T5.csv (3502s elapsed)
  [873/1230] N9T5 seed=5813 → simulation_data_run873_N9T5.csv (3506s elapsed)
  [874/1230] N9T5 seed=4628 → simulation_data_run874_N9T5.csv (3510s elapsed)
  [875/1230] N9T5 seed=6124 → simulation_data_run875_N9T5.csv (3514s elapsed)
  [876/1230] N9T5 seed=2868 → simulation_data_run876_N9T5.csv (3518s elapsed)
  [877/1230] N9T5 seed=4596 → simulation_data_run877_N9T5.csv (3522s elapsed)
  [878/1230] N9T5 seed=2292 → simulation_data_run878_N9T5.csv (3526s elapsed)
  [879/1230] N9T5 seed=5042 → simulation_data_run879_N9T5.csv (3530s elapsed)
  [880/1230] N9T5 seed=6952 → simulation_data_run880_N9T5.csv (3534s elapsed)
  [881/1230] N9T5 seed=7853 → simulation_data_run881_N9T5.csv (3538s elapsed)
  [882/1230] N9T5 seed=6956 → simulation_data_run882_N9T5.csv (3542s elapsed)
  [883/1230] N9T5 seed=1744 → simulation_data_run883_N9T5.csv (3546s elapsed)
  [884/1230] N9T5 seed=1955 → simulation_data_run884_N9T5.csv (3550s elapsed)
  [885/1230] N9T5 seed=3738 → simulation_data_run885_N9T5.csv (3554s elapsed)
  [886/1230] N9T5 seed=9717 → simulation_data_run886_N9T5.csv (3557s elapsed)
  [887/1230] N9T5 seed=279 → simulation_data_run887_N9T5.csv (3561s elapsed)
  [888/1230] N9T5 seed=6711 → simulation_data_run888_N9T5.csv (3565s elapsed)
  [889/1230] N9T5 seed=2941 → simulation_data_run889_N9T5.csv (3569s elapsed)
  [890/1230] N9T5 seed=5312 → simulation_data_run890_N9T5.csv (3574s elapsed)
  [891/1230] N9T5 seed=870 → simulation_data_run891_N9T5.csv (3578s elapsed)
  [892/1230] N9T5 seed=8411 → simulation_data_run892_N9T5.csv (3581s elapsed)
  [893/1230] N9T5 seed=8727 → simulation_data_run893_N9T5.csv (3585s elapsed)
  [894/1230] N9T5 seed=4865 → simulation_data_run894_N9T5.csv (3589s elapsed)
  [895/1230] N9T5 seed=7798 → simulation_data_run895_N9T5.csv (3594s elapsed)
  [896/1230] N9T5 seed=4759 → simulation_data_run896_N9T5.csv (3598s elapsed)
  [897/1230] N9T5 seed=7269 → simulation_data_run897_N9T5.csv (3602s elapsed)
  [898/1230] N9T5 seed=2583 → simulation_data_run898_N9T5.csv (3606s elapsed)
  [899/1230] N9T5 seed=3182 → simulation_data_run899_N9T5.csv (3609s elapsed)
  [900/1230] N9T5 seed=1562 → simulation_data_run900_N9T5.csv (3613s elapsed)
  [901/1230] N10T5 seed=4541 → simulation_data_run901_N10T5.csv (3618s elapsed)
  [902/1230] N10T5 seed=7115 → simulation_data_run902_N10T5.csv (3622s elapsed)
  [903/1230] N10T5 seed=7815 → simulation_data_run903_N10T5.csv (3626s elapsed)
  [904/1230] N10T5 seed=8440 → simulation_data_run904_N10T5.csv (3630s elapsed)
  [905/1230] N10T5 seed=1909 → simulation_data_run905_N10T5.csv (3633s elapsed)
  [906/1230] N10T5 seed=6777 → simulation_data_run906_N10T5.csv (3637s elapsed)
  [907/1230] N10T5 seed=2702 → simulation_data_run907_N10T5.csv (3641s elapsed)
  [908/1230] N10T5 seed=3688 → simulation_data_run908_N10T5.csv (3646s elapsed)
  [909/1230] N10T5 seed=3705 → simulation_data_run909_N10T5.csv (3650s elapsed)
  [910/1230] N10T5 seed=5757 → simulation_data_run910_N10T5.csv (3654s elapsed)
  [911/1230] N10T5 seed=5882 → simulation_data_run911_N10T5.csv (3657s elapsed)
  [912/1230] N10T5 seed=5633 → simulation_data_run912_N10T5.csv (3661s elapsed)
  [913/1230] N10T5 seed=649 → simulation_data_run913_N10T5.csv (3665s elapsed)
  [914/1230] N10T5 seed=9364 → simulation_data_run914_N10T5.csv (3669s elapsed)
  [915/1230] N10T5 seed=8521 → simulation_data_run915_N10T5.csv (3673s elapsed)
  [916/1230] N10T5 seed=3876 → simulation_data_run916_N10T5.csv (3677s elapsed)
  [917/1230] N10T5 seed=5716 → simulation_data_run917_N10T5.csv (3681s elapsed)
  [918/1230] N10T5 seed=1648 → simulation_data_run918_N10T5.csv (3685s elapsed)
  [919/1230] N10T5 seed=6347 → simulation_data_run919_N10T5.csv (3689s elapsed)
  [920/1230] N10T5 seed=8768 → simulation_data_run920_N10T5.csv (3693s elapsed)
  [921/1230] N10T5 seed=9282 → simulation_data_run921_N10T5.csv (3698s elapsed)
  [922/1230] N10T5 seed=8946 → simulation_data_run922_N10T5.csv (3702s elapsed)
  [923/1230] N10T5 seed=552 → simulation_data_run923_N10T5.csv (3706s elapsed)
  [924/1230] N10T5 seed=483 → simulation_data_run924_N10T5.csv (3709s elapsed)
  [925/1230] N10T5 seed=7368 → simulation_data_run925_N10T5.csv (3713s elapsed)
  [926/1230] N10T5 seed=1982 → simulation_data_run926_N10T5.csv (3717s elapsed)
  [927/1230] N10T5 seed=1891 → simulation_data_run927_N10T5.csv (3722s elapsed)
  [928/1230] N10T5 seed=6362 → simulation_data_run928_N10T5.csv (3726s elapsed)
  [929/1230] N10T5 seed=597 → simulation_data_run929_N10T5.csv (3730s elapsed)
  [930/1230] N10T5 seed=7887 → simulation_data_run930_N10T5.csv (3734s elapsed)
  [931/1230] N1T8 seed=1789 → simulation_data_run931_N1T8.csv (3737s elapsed)
  [932/1230] N1T8 seed=6066 → simulation_data_run932_N1T8.csv (3741s elapsed)
  [933/1230] N1T8 seed=6304 → simulation_data_run933_N1T8.csv (3746s elapsed)
  [934/1230] N1T8 seed=1916 → simulation_data_run934_N1T8.csv (3750s elapsed)
  [935/1230] N1T8 seed=4010 → simulation_data_run935_N1T8.csv (3754s elapsed)
  [936/1230] N1T8 seed=1177 → simulation_data_run936_N1T8.csv (3758s elapsed)
  [937/1230] N1T8 seed=9808 → simulation_data_run937_N1T8.csv (3761s elapsed)
  [938/1230] N1T8 seed=5059 → simulation_data_run938_N1T8.csv (3765s elapsed)
  [939/1230] N1T8 seed=1481 → simulation_data_run939_N1T8.csv (3769s elapsed)
  [940/1230] N1T8 seed=8154 → simulation_data_run940_N1T8.csv (3774s elapsed)
  [941/1230] N1T8 seed=7396 → simulation_data_run941_N1T8.csv (3778s elapsed)
  [942/1230] N1T8 seed=2171 → simulation_data_run942_N1T8.csv (3782s elapsed)
  [943/1230] N1T8 seed=3389 → simulation_data_run943_N1T8.csv (3786s elapsed)
  [944/1230] N1T8 seed=752 → simulation_data_run944_N1T8.csv (3790s elapsed)
  [945/1230] N1T8 seed=5566 → simulation_data_run945_N1T8.csv (3794s elapsed)
  [946/1230] N1T8 seed=5510 → simulation_data_run946_N1T8.csv (3798s elapsed)
  [947/1230] N1T8 seed=529 → simulation_data_run947_N1T8.csv (3802s elapsed)
  [948/1230] N1T8 seed=1918 → simulation_data_run948_N1T8.csv (3806s elapsed)
  [949/1230] N1T8 seed=4545 → simulation_data_run949_N1T8.csv (3810s elapsed)
  [950/1230] N1T8 seed=675 → simulation_data_run950_N1T8.csv (3814s elapsed)
  [951/1230] N1T8 seed=7417 → simulation_data_run951_N1T8.csv (3818s elapsed)
  [952/1230] N1T8 seed=7732 → simulation_data_run952_N1T8.csv (3822s elapsed)
  [953/1230] N1T8 seed=7097 → simulation_data_run953_N1T8.csv (3826s elapsed)
  [954/1230] N1T8 seed=8211 → simulation_data_run954_N1T8.csv (3830s elapsed)
  [955/1230] N1T8 seed=8009 → simulation_data_run955_N1T8.csv (3833s elapsed)
  [956/1230] N1T8 seed=3983 → simulation_data_run956_N1T8.csv (3837s elapsed)
  [957/1230] N1T8 seed=4495 → simulation_data_run957_N1T8.csv (3841s elapsed)
  [958/1230] N1T8 seed=2941 → simulation_data_run958_N1T8.csv (3846s elapsed)
  [959/1230] N1T8 seed=1702 → simulation_data_run959_N1T8.csv (3850s elapsed)
  [960/1230] N1T8 seed=2771 → simulation_data_run960_N1T8.csv (3854s elapsed)
  [961/1230] N2T8 seed=7232 → simulation_data_run961_N2T8.csv (3858s elapsed)
  [962/1230] N2T8 seed=3609 → simulation_data_run962_N2T8.csv (3861s elapsed)
  [963/1230] N2T8 seed=9966 → simulation_data_run963_N2T8.csv (3865s elapsed)
  [964/1230] N2T8 seed=5768 → simulation_data_run964_N2T8.csv (3869s elapsed)
  [965/1230] N2T8 seed=6652 → simulation_data_run965_N2T8.csv (3874s elapsed)
  [966/1230] N2T8 seed=5278 → simulation_data_run966_N2T8.csv (3878s elapsed)
  [967/1230] N2T8 seed=7970 → simulation_data_run967_N2T8.csv (3882s elapsed)
  [968/1230] N2T8 seed=3553 → simulation_data_run968_N2T8.csv (3886s elapsed)
  [969/1230] N2T8 seed=6122 → simulation_data_run969_N2T8.csv (3889s elapsed)
  [970/1230] N2T8 seed=6373 → simulation_data_run970_N2T8.csv (3894s elapsed)
  [971/1230] N2T8 seed=8658 → simulation_data_run971_N2T8.csv (3898s elapsed)
  [972/1230] N2T8 seed=6757 → simulation_data_run972_N2T8.csv (3902s elapsed)
  [973/1230] N2T8 seed=5980 → simulation_data_run973_N2T8.csv (3906s elapsed)
  [974/1230] N2T8 seed=5582 → simulation_data_run974_N2T8.csv (3910s elapsed)
  [975/1230] N2T8 seed=549 → simulation_data_run975_N2T8.csv (3914s elapsed)
  [976/1230] N2T8 seed=3873 → simulation_data_run976_N2T8.csv (3918s elapsed)
  [977/1230] N2T8 seed=3120 → simulation_data_run977_N2T8.csv (3922s elapsed)
  [978/1230] N2T8 seed=6238 → simulation_data_run978_N2T8.csv (3926s elapsed)
  [979/1230] N2T8 seed=3160 → simulation_data_run979_N2T8.csv (3930s elapsed)
  [980/1230] N2T8 seed=5918 → simulation_data_run980_N2T8.csv (3934s elapsed)
  [981/1230] N2T8 seed=4985 → simulation_data_run981_N2T8.csv (3938s elapsed)
  [982/1230] N2T8 seed=3403 → simulation_data_run982_N2T8.csv (3942s elapsed)
  [983/1230] N2T8 seed=5070 → simulation_data_run983_N2T8.csv (3946s elapsed)
  [984/1230] N2T8 seed=3032 → simulation_data_run984_N2T8.csv (3950s elapsed)
  [985/1230] N2T8 seed=2165 → simulation_data_run985_N2T8.csv (3954s elapsed)
  [986/1230] N2T8 seed=5457 → simulation_data_run986_N2T8.csv (3958s elapsed)
  [987/1230] N2T8 seed=9886 → simulation_data_run987_N2T8.csv (3962s elapsed)
  [988/1230] N2T8 seed=6123 → simulation_data_run988_N2T8.csv (3966s elapsed)
  [989/1230] N2T8 seed=6169 → simulation_data_run989_N2T8.csv (3970s elapsed)
  [990/1230] N2T8 seed=6107 → simulation_data_run990_N2T8.csv (3975s elapsed)
  [991/1230] N3T8 seed=8819 → simulation_data_run991_N3T8.csv (3979s elapsed)
  [992/1230] N3T8 seed=3828 → simulation_data_run992_N3T8.csv (3983s elapsed)
  [993/1230] N3T8 seed=4239 → simulation_data_run993_N3T8.csv (3987s elapsed)
  [994/1230] N3T8 seed=5657 → simulation_data_run994_N3T8.csv (3990s elapsed)
  [995/1230] N3T8 seed=5584 → simulation_data_run995_N3T8.csv (3994s elapsed)
  [996/1230] N3T8 seed=9856 → simulation_data_run996_N3T8.csv (3999s elapsed)
  [997/1230] N3T8 seed=1799 → simulation_data_run997_N3T8.csv (4003s elapsed)
  [998/1230] N3T8 seed=4280 → simulation_data_run998_N3T8.csv (4007s elapsed)
  [999/1230] N3T8 seed=2108 → simulation_data_run999_N3T8.csv (4011s elapsed)
  [1000/1230] N3T8 seed=8429 → simulation_data_run1000_N3T8.csv (4015s elapsed)
  [1001/1230] N3T8 seed=5533 → simulation_data_run1001_N3T8.csv (4019s elapsed)
  [1002/1230] N3T8 seed=814 → simulation_data_run1002_N3T8.csv (4023s elapsed)
  [1003/1230] N3T8 seed=1852 → simulation_data_run1003_N3T8.csv (4027s elapsed)
  [1004/1230] N3T8 seed=8751 → simulation_data_run1004_N3T8.csv (4031s elapsed)
  [1005/1230] N3T8 seed=4427 → simulation_data_run1005_N3T8.csv (4035s elapsed)
  [1006/1230] N3T8 seed=9416 → simulation_data_run1006_N3T8.csv (4039s elapsed)
  [1007/1230] N3T8 seed=919 → simulation_data_run1007_N3T8.csv (4043s elapsed)
  [1008/1230] N3T8 seed=2619 → simulation_data_run1008_N3T8.csv (4047s elapsed)
  [1009/1230] N3T8 seed=5473 → simulation_data_run1009_N3T8.csv (4051s elapsed)
  [1010/1230] N3T8 seed=121 → simulation_data_run1010_N3T8.csv (4055s elapsed)
  [1011/1230] N3T8 seed=3910 → simulation_data_run1011_N3T8.csv (4059s elapsed)
  [1012/1230] N3T8 seed=4830 → simulation_data_run1012_N3T8.csv (4063s elapsed)
  [1013/1230] N3T8 seed=2378 → simulation_data_run1013_N3T8.csv (4066s elapsed)
  [1014/1230] N3T8 seed=1827 → simulation_data_run1014_N3T8.csv (4071s elapsed)
  [1015/1230] N3T8 seed=9266 → simulation_data_run1015_N3T8.csv (4075s elapsed)
  [1016/1230] N3T8 seed=9715 → simulation_data_run1016_N3T8.csv (4079s elapsed)
  [1017/1230] N3T8 seed=5002 → simulation_data_run1017_N3T8.csv (4083s elapsed)
  [1018/1230] N3T8 seed=8976 → simulation_data_run1018_N3T8.csv (4087s elapsed)
  [1019/1230] N3T8 seed=4860 → simulation_data_run1019_N3T8.csv (4091s elapsed)
  [1020/1230] N3T8 seed=9605 → simulation_data_run1020_N3T8.csv (4094s elapsed)
  [1021/1230] N4T8 seed=433 → simulation_data_run1021_N4T8.csv (4099s elapsed)
  [1022/1230] N4T8 seed=6038 → simulation_data_run1022_N4T8.csv (4103s elapsed)
  [1023/1230] N4T8 seed=423 → simulation_data_run1023_N4T8.csv (4107s elapsed)
  [1024/1230] N4T8 seed=5151 → simulation_data_run1024_N4T8.csv (4111s elapsed)
  [1025/1230] N4T8 seed=8834 → simulation_data_run1025_N4T8.csv (4115s elapsed)
  [1026/1230] N4T8 seed=8326 → simulation_data_run1026_N4T8.csv (4119s elapsed)
  [1027/1230] N4T8 seed=2138 → simulation_data_run1027_N4T8.csv (4123s elapsed)
  [1028/1230] N4T8 seed=6523 → simulation_data_run1028_N4T8.csv (4127s elapsed)
  [1029/1230] N4T8 seed=1671 → simulation_data_run1029_N4T8.csv (4131s elapsed)
  [1030/1230] N4T8 seed=2486 → simulation_data_run1030_N4T8.csv (4135s elapsed)
  [1031/1230] N4T8 seed=4269 → simulation_data_run1031_N4T8.csv (4139s elapsed)
  [1032/1230] N4T8 seed=9341 → simulation_data_run1032_N4T8.csv (4142s elapsed)
  [1033/1230] N4T8 seed=6711 → simulation_data_run1033_N4T8.csv (4146s elapsed)
  [1034/1230] N4T8 seed=4397 → simulation_data_run1034_N4T8.csv (4151s elapsed)
  [1035/1230] N4T8 seed=2056 → simulation_data_run1035_N4T8.csv (4155s elapsed)
  [1036/1230] N4T8 seed=7735 → simulation_data_run1036_N4T8.csv (4159s elapsed)
  [1037/1230] N4T8 seed=5905 → simulation_data_run1037_N4T8.csv (4163s elapsed)
  [1038/1230] N4T8 seed=5009 → simulation_data_run1038_N4T8.csv (4167s elapsed)
  [1039/1230] N4T8 seed=6539 → simulation_data_run1039_N4T8.csv (4171s elapsed)
  [1040/1230] N4T8 seed=1834 → simulation_data_run1040_N4T8.csv (4175s elapsed)
  [1041/1230] N4T8 seed=9137 → simulation_data_run1041_N4T8.csv (4179s elapsed)
  [1042/1230] N4T8 seed=2959 → simulation_data_run1042_N4T8.csv (4183s elapsed)
  [1043/1230] N4T8 seed=4783 → simulation_data_run1043_N4T8.csv (4187s elapsed)
  [1044/1230] N4T8 seed=5743 → simulation_data_run1044_N4T8.csv (4191s elapsed)
  [1045/1230] N4T8 seed=1749 → simulation_data_run1045_N4T8.csv (4195s elapsed)
  [1046/1230] N4T8 seed=1430 → simulation_data_run1046_N4T8.csv (4199s elapsed)
  [1047/1230] N4T8 seed=4748 → simulation_data_run1047_N4T8.csv (4204s elapsed)
  [1048/1230] N4T8 seed=138 → simulation_data_run1048_N4T8.csv (4209s elapsed)
  [1049/1230] N4T8 seed=6043 → simulation_data_run1049_N4T8.csv (4213s elapsed)
  [1050/1230] N4T8 seed=4339 → simulation_data_run1050_N4T8.csv (4216s elapsed)
  [1051/1230] N5T8 seed=2390 → simulation_data_run1051_N5T8.csv (4219s elapsed)
  [1052/1230] N5T8 seed=7621 → simulation_data_run1052_N5T8.csv (4223s elapsed)
  [1053/1230] N5T8 seed=3262 → simulation_data_run1053_N5T8.csv (4227s elapsed)
  [1054/1230] N5T8 seed=6141 → simulation_data_run1054_N5T8.csv (4232s elapsed)
  [1055/1230] N5T8 seed=2096 → simulation_data_run1055_N5T8.csv (4235s elapsed)
  [1056/1230] N5T8 seed=3241 → simulation_data_run1056_N5T8.csv (4239s elapsed)
  [1057/1230] N5T8 seed=6264 → simulation_data_run1057_N5T8.csv (4243s elapsed)
  [1058/1230] N5T8 seed=7171 → simulation_data_run1058_N5T8.csv (4247s elapsed)
  [1059/1230] N5T8 seed=6403 → simulation_data_run1059_N5T8.csv (4251s elapsed)
  [1060/1230] N5T8 seed=4845 → simulation_data_run1060_N5T8.csv (4255s elapsed)
  [1061/1230] N5T8 seed=2517 → simulation_data_run1061_N5T8.csv (4259s elapsed)
  [1062/1230] N5T8 seed=9994 → simulation_data_run1062_N5T8.csv (4263s elapsed)
  [1063/1230] N5T8 seed=9110 → simulation_data_run1063_N5T8.csv (4267s elapsed)
  [1064/1230] N5T8 seed=7759 → simulation_data_run1064_N5T8.csv (4271s elapsed)
  [1065/1230] N5T8 seed=2915 → simulation_data_run1065_N5T8.csv (4275s elapsed)
  [1066/1230] N5T8 seed=8305 → simulation_data_run1066_N5T8.csv (4279s elapsed)
  [1067/1230] N5T8 seed=5786 → simulation_data_run1067_N5T8.csv (4284s elapsed)
  [1068/1230] N5T8 seed=2595 → simulation_data_run1068_N5T8.csv (4287s elapsed)
  [1069/1230] N5T8 seed=7811 → simulation_data_run1069_N5T8.csv (4291s elapsed)
  [1070/1230] N5T8 seed=1523 → simulation_data_run1070_N5T8.csv (4295s elapsed)
  [1071/1230] N5T8 seed=5795 → simulation_data_run1071_N5T8.csv (4299s elapsed)
  [1072/1230] N5T8 seed=1993 → simulation_data_run1072_N5T8.csv (4303s elapsed)
  [1073/1230] N5T8 seed=739 → simulation_data_run1073_N5T8.csv (4307s elapsed)
  [1074/1230] N5T8 seed=4322 → simulation_data_run1074_N5T8.csv (4311s elapsed)
  [1075/1230] N5T8 seed=4469 → simulation_data_run1075_N5T8.csv (4315s elapsed)
  [1076/1230] N5T8 seed=5121 → simulation_data_run1076_N5T8.csv (4319s elapsed)
  [1077/1230] N5T8 seed=59 → simulation_data_run1077_N5T8.csv (4323s elapsed)
  [1078/1230] N5T8 seed=1946 → simulation_data_run1078_N5T8.csv (4327s elapsed)
  [1079/1230] N5T8 seed=822 → simulation_data_run1079_N5T8.csv (4331s elapsed)
  [1080/1230] N5T8 seed=7798 → simulation_data_run1080_N5T8.csv (4335s elapsed)
  [1081/1230] N6T8 seed=496 → simulation_data_run1081_N6T8.csv (4339s elapsed)
  [1082/1230] N6T8 seed=8683 → simulation_data_run1082_N6T8.csv (4343s elapsed)
  [1083/1230] N6T8 seed=2132 → simulation_data_run1083_N6T8.csv (4347s elapsed)
  [1084/1230] N6T8 seed=3160 → simulation_data_run1084_N6T8.csv (4351s elapsed)
  [1085/1230] N6T8 seed=3368 → simulation_data_run1085_N6T8.csv (4355s elapsed)
  [1086/1230] N6T8 seed=5080 → simulation_data_run1086_N6T8.csv (4359s elapsed)
  [1087/1230] N6T8 seed=3653 → simulation_data_run1087_N6T8.csv (4363s elapsed)
  [1088/1230] N6T8 seed=5943 → simulation_data_run1088_N6T8.csv (4367s elapsed)
  [1089/1230] N6T8 seed=3784 → simulation_data_run1089_N6T8.csv (4371s elapsed)
  [1090/1230] N6T8 seed=7223 → simulation_data_run1090_N6T8.csv (4374s elapsed)
  [1091/1230] N6T8 seed=9894 → simulation_data_run1091_N6T8.csv (4379s elapsed)
  [1092/1230] N6T8 seed=1475 → simulation_data_run1092_N6T8.csv (4383s elapsed)
  [1093/1230] N6T8 seed=1194 → simulation_data_run1093_N6T8.csv (4387s elapsed)
  [1094/1230] N6T8 seed=2809 → simulation_data_run1094_N6T8.csv (4391s elapsed)
  [1095/1230] N6T8 seed=2030 → simulation_data_run1095_N6T8.csv (4395s elapsed)
  [1096/1230] N6T8 seed=7306 → simulation_data_run1096_N6T8.csv (4399s elapsed)
  [1097/1230] N6T8 seed=7253 → simulation_data_run1097_N6T8.csv (4403s elapsed)
  [1098/1230] N6T8 seed=5681 → simulation_data_run1098_N6T8.csv (4407s elapsed)
  [1099/1230] N6T8 seed=9929 → simulation_data_run1099_N6T8.csv (4411s elapsed)
  [1100/1230] N6T8 seed=8998 → simulation_data_run1100_N6T8.csv (4415s elapsed)
  [1101/1230] N6T8 seed=9816 → simulation_data_run1101_N6T8.csv (4419s elapsed)
  [1102/1230] N6T8 seed=4478 → simulation_data_run1102_N6T8.csv (4423s elapsed)
  [1103/1230] N6T8 seed=5538 → simulation_data_run1103_N6T8.csv (4427s elapsed)
  [1104/1230] N6T8 seed=4066 → simulation_data_run1104_N6T8.csv (4431s elapsed)
  [1105/1230] N6T8 seed=2823 → simulation_data_run1105_N6T8.csv (4435s elapsed)
  [1106/1230] N6T8 seed=3065 → simulation_data_run1106_N6T8.csv (4439s elapsed)
  [1107/1230] N6T8 seed=7434 → simulation_data_run1107_N6T8.csv (4443s elapsed)
  [1108/1230] N6T8 seed=2314 → simulation_data_run1108_N6T8.csv (4447s elapsed)
  [1109/1230] N6T8 seed=1466 → simulation_data_run1109_N6T8.csv (4451s elapsed)
  [1110/1230] N6T8 seed=6507 → simulation_data_run1110_N6T8.csv (4455s elapsed)
  [1111/1230] N7T8 seed=5374 → simulation_data_run1111_N7T8.csv (4459s elapsed)
  [1112/1230] N7T8 seed=2647 → simulation_data_run1112_N7T8.csv (4463s elapsed)
  [1113/1230] N7T8 seed=3033 → simulation_data_run1113_N7T8.csv (4467s elapsed)
  [1114/1230] N7T8 seed=8622 → simulation_data_run1114_N7T8.csv (4471s elapsed)
  [1115/1230] N7T8 seed=407 → simulation_data_run1115_N7T8.csv (4475s elapsed)
  [1116/1230] N7T8 seed=2706 → simulation_data_run1116_N7T8.csv (4479s elapsed)
  [1117/1230] N7T8 seed=5586 → simulation_data_run1117_N7T8.csv (4483s elapsed)
  [1118/1230] N7T8 seed=6733 → simulation_data_run1118_N7T8.csv (4487s elapsed)
  [1119/1230] N7T8 seed=5737 → simulation_data_run1119_N7T8.csv (4491s elapsed)
  [1120/1230] N7T8 seed=5681 → simulation_data_run1120_N7T8.csv (4495s elapsed)
  [1121/1230] N7T8 seed=7733 → simulation_data_run1121_N7T8.csv (4498s elapsed)
  [1122/1230] N7T8 seed=6284 → simulation_data_run1122_N7T8.csv (4502s elapsed)
  [1123/1230] N7T8 seed=6284 → simulation_data_run1123_N7T8.csv (4507s elapsed)
  [1124/1230] N7T8 seed=8953 → simulation_data_run1124_N7T8.csv (4511s elapsed)
  [1125/1230] N7T8 seed=7587 → simulation_data_run1125_N7T8.csv (4515s elapsed)
  [1126/1230] N7T8 seed=1700 → simulation_data_run1126_N7T8.csv (4519s elapsed)
  [1127/1230] N7T8 seed=9674 → simulation_data_run1127_N7T8.csv (4523s elapsed)
  [1128/1230] N7T8 seed=1498 → simulation_data_run1128_N7T8.csv (4526s elapsed)
  [1129/1230] N7T8 seed=9448 → simulation_data_run1129_N7T8.csv (4531s elapsed)
  [1130/1230] N7T8 seed=1219 → simulation_data_run1130_N7T8.csv (4535s elapsed)
  [1131/1230] N7T8 seed=9819 → simulation_data_run1131_N7T8.csv (4539s elapsed)
  [1132/1230] N7T8 seed=765 → simulation_data_run1132_N7T8.csv (4543s elapsed)
  [1133/1230] N7T8 seed=8865 → simulation_data_run1133_N7T8.csv (4547s elapsed)
  [1134/1230] N7T8 seed=5342 → simulation_data_run1134_N7T8.csv (4550s elapsed)
  [1135/1230] N7T8 seed=5634 → simulation_data_run1135_N7T8.csv (4554s elapsed)
  [1136/1230] N7T8 seed=1657 → simulation_data_run1136_N7T8.csv (4558s elapsed)
  [1137/1230] N7T8 seed=1316 → simulation_data_run1137_N7T8.csv (4563s elapsed)
  [1138/1230] N7T8 seed=8071 → simulation_data_run1138_N7T8.csv (4567s elapsed)
  [1139/1230] N7T8 seed=2441 → simulation_data_run1139_N7T8.csv (4571s elapsed)
  [1140/1230] N7T8 seed=227 → simulation_data_run1140_N7T8.csv (4574s elapsed)
  [1141/1230] N8T8 seed=4548 → simulation_data_run1141_N8T8.csv (4578s elapsed)
  [1142/1230] N8T8 seed=3746 → simulation_data_run1142_N8T8.csv (4582s elapsed)
  [1143/1230] N8T8 seed=4512 → simulation_data_run1143_N8T8.csv (4587s elapsed)
  [1144/1230] N8T8 seed=4732 → simulation_data_run1144_N8T8.csv (4591s elapsed)
  [1145/1230] N8T8 seed=655 → simulation_data_run1145_N8T8.csv (4595s elapsed)
  [1146/1230] N8T8 seed=2165 → simulation_data_run1146_N8T8.csv (4598s elapsed)
  [1147/1230] N8T8 seed=2698 → simulation_data_run1147_N8T8.csv (4602s elapsed)
  [1148/1230] N8T8 seed=3559 → simulation_data_run1148_N8T8.csv (4607s elapsed)
  [1149/1230] N8T8 seed=4236 → simulation_data_run1149_N8T8.csv (4611s elapsed)
  [1150/1230] N8T8 seed=2228 → simulation_data_run1150_N8T8.csv (4615s elapsed)
  [1151/1230] N8T8 seed=8011 → simulation_data_run1151_N8T8.csv (4619s elapsed)
  [1152/1230] N8T8 seed=2818 → simulation_data_run1152_N8T8.csv (4623s elapsed)
  [1153/1230] N8T8 seed=4381 → simulation_data_run1153_N8T8.csv (4627s elapsed)
  [1154/1230] N8T8 seed=9267 → simulation_data_run1154_N8T8.csv (4631s elapsed)
  [1155/1230] N8T8 seed=9974 → simulation_data_run1155_N8T8.csv (4635s elapsed)
  [1156/1230] N8T8 seed=4171 → simulation_data_run1156_N8T8.csv (4639s elapsed)
  [1157/1230] N8T8 seed=3877 → simulation_data_run1157_N8T8.csv (4643s elapsed)
  [1158/1230] N8T8 seed=3858 → simulation_data_run1158_N8T8.csv (4647s elapsed)
  [1159/1230] N8T8 seed=3555 → simulation_data_run1159_N8T8.csv (4651s elapsed)
  [1160/1230] N8T8 seed=6111 → simulation_data_run1160_N8T8.csv (4655s elapsed)
  [1161/1230] N8T8 seed=6395 → simulation_data_run1161_N8T8.csv (4659s elapsed)
  [1162/1230] N8T8 seed=6641 → simulation_data_run1162_N8T8.csv (4663s elapsed)
  [1163/1230] N8T8 seed=7802 → simulation_data_run1163_N8T8.csv (4667s elapsed)
  [1164/1230] N8T8 seed=6602 → simulation_data_run1164_N8T8.csv (4671s elapsed)
  [1165/1230] N8T8 seed=2699 → simulation_data_run1165_N8T8.csv (4675s elapsed)
  [1166/1230] N8T8 seed=848 → simulation_data_run1166_N8T8.csv (4679s elapsed)
  [1167/1230] N8T8 seed=4120 → simulation_data_run1167_N8T8.csv (4683s elapsed)
  [1168/1230] N8T8 seed=5818 → simulation_data_run1168_N8T8.csv (4687s elapsed)
  [1169/1230] N8T8 seed=9163 → simulation_data_run1169_N8T8.csv (4691s elapsed)
  [1170/1230] N8T8 seed=7358 → simulation_data_run1170_N8T8.csv (4695s elapsed)
  [1171/1230] N9T8 seed=3183 → simulation_data_run1171_N9T8.csv (4699s elapsed)
  [1172/1230] N9T8 seed=7955 → simulation_data_run1172_N9T8.csv (4703s elapsed)
  [1173/1230] N9T8 seed=6553 → simulation_data_run1173_N9T8.csv (4707s elapsed)
  [1174/1230] N9T8 seed=5885 → simulation_data_run1174_N9T8.csv (4711s elapsed)
  [1175/1230] N9T8 seed=8560 → simulation_data_run1175_N9T8.csv (4715s elapsed)
  [1176/1230] N9T8 seed=1306 → simulation_data_run1176_N9T8.csv (4719s elapsed)
  [1177/1230] N9T8 seed=4931 → simulation_data_run1177_N9T8.csv (4723s elapsed)
  [1178/1230] N9T8 seed=838 → simulation_data_run1178_N9T8.csv (4727s elapsed)
  [1179/1230] N9T8 seed=7414 → simulation_data_run1179_N9T8.csv (4731s elapsed)
  [1180/1230] N9T8 seed=3230 → simulation_data_run1180_N9T8.csv (4735s elapsed)
  [1181/1230] N9T8 seed=7729 → simulation_data_run1181_N9T8.csv (4739s elapsed)
  [1182/1230] N9T8 seed=9274 → simulation_data_run1182_N9T8.csv (4743s elapsed)
  [1183/1230] N9T8 seed=8560 → simulation_data_run1183_N9T8.csv (4747s elapsed)
  [1184/1230] N9T8 seed=4726 → simulation_data_run1184_N9T8.csv (4751s elapsed)
  [1185/1230] N9T8 seed=6204 → simulation_data_run1185_N9T8.csv (4755s elapsed)
  [1186/1230] N9T8 seed=8953 → simulation_data_run1186_N9T8.csv (4759s elapsed)
  [1187/1230] N9T8 seed=1152 → simulation_data_run1187_N9T8.csv (4763s elapsed)
  [1188/1230] N9T8 seed=4596 → simulation_data_run1188_N9T8.csv (4768s elapsed)
  [1189/1230] N9T8 seed=2932 → simulation_data_run1189_N9T8.csv (4771s elapsed)
  [1190/1230] N9T8 seed=7550 → simulation_data_run1190_N9T8.csv (4775s elapsed)
  [1191/1230] N9T8 seed=9877 → simulation_data_run1191_N9T8.csv (4779s elapsed)
  [1192/1230] N9T8 seed=4851 → simulation_data_run1192_N9T8.csv (4783s elapsed)
  [1193/1230] N9T8 seed=4533 → simulation_data_run1193_N9T8.csv (4787s elapsed)
  [1194/1230] N9T8 seed=7086 → simulation_data_run1194_N9T8.csv (4792s elapsed)
  [1195/1230] N9T8 seed=2545 → simulation_data_run1195_N9T8.csv (4796s elapsed)
  [1196/1230] N9T8 seed=3172 → simulation_data_run1196_N9T8.csv (4799s elapsed)
  [1197/1230] N9T8 seed=1661 → simulation_data_run1197_N9T8.csv (4803s elapsed)
  [1198/1230] N9T8 seed=8897 → simulation_data_run1198_N9T8.csv (4807s elapsed)
  [1199/1230] N9T8 seed=5069 → simulation_data_run1199_N9T8.csv (4812s elapsed)
  [1200/1230] N9T8 seed=2657 → simulation_data_run1200_N9T8.csv (4816s elapsed)
  [1201/1230] N10T8 seed=6214 → simulation_data_run1201_N10T8.csv (4820s elapsed)
  [1202/1230] N10T8 seed=62 → simulation_data_run1202_N10T8.csv (4824s elapsed)
  [1203/1230] N10T8 seed=3659 → simulation_data_run1203_N10T8.csv (4828s elapsed)
  [1204/1230] N10T8 seed=7211 → simulation_data_run1204_N10T8.csv (4832s elapsed)
  [1205/1230] N10T8 seed=9630 → simulation_data_run1205_N10T8.csv (4836s elapsed)
  [1206/1230] N10T8 seed=6765 → simulation_data_run1206_N10T8.csv (4840s elapsed)
  [1207/1230] N10T8 seed=1258 → simulation_data_run1207_N10T8.csv (4844s elapsed)
  [1208/1230] N10T8 seed=6568 → simulation_data_run1208_N10T8.csv (4848s elapsed)
  [1209/1230] N10T8 seed=7154 → simulation_data_run1209_N10T8.csv (4852s elapsed)
  [1210/1230] N10T8 seed=6873 → simulation_data_run1210_N10T8.csv (4855s elapsed)
  [1211/1230] N10T8 seed=1397 → simulation_data_run1211_N10T8.csv (4860s elapsed)
  [1212/1230] N10T8 seed=5862 → simulation_data_run1212_N10T8.csv (4864s elapsed)
  [1213/1230] N10T8 seed=3893 → simulation_data_run1213_N10T8.csv (4868s elapsed)
  [1214/1230] N10T8 seed=1153 → simulation_data_run1214_N10T8.csv (4872s elapsed)
  [1215/1230] N10T8 seed=9836 → simulation_data_run1215_N10T8.csv (4876s elapsed)
  [1216/1230] N10T8 seed=6691 → simulation_data_run1216_N10T8.csv (4879s elapsed)
  [1217/1230] N10T8 seed=8399 → simulation_data_run1217_N10T8.csv (4883s elapsed)
  [1218/1230] N10T8 seed=66 → simulation_data_run1218_N10T8.csv (4887s elapsed)
  [1219/1230] N10T8 seed=4169 → simulation_data_run1219_N10T8.csv (4892s elapsed)
  [1220/1230] N10T8 seed=1829 → simulation_data_run1220_N10T8.csv (4896s elapsed)
  [1221/1230] N10T8 seed=9065 → simulation_data_run1221_N10T8.csv (4899s elapsed)
  [1222/1230] N10T8 seed=4208 → simulation_data_run1222_N10T8.csv (4903s elapsed)
  [1223/1230] N10T8 seed=6629 → simulation_data_run1223_N10T8.csv (4907s elapsed)
  [1224/1230] N10T8 seed=3783 → simulation_data_run1224_N10T8.csv (4911s elapsed)
  [1225/1230] N10T8 seed=9335 → simulation_data_run1225_N10T8.csv (4915s elapsed)
  [1226/1230] N10T8 seed=1190 → simulation_data_run1226_N10T8.csv (4920s elapsed)
  [1227/1230] N10T8 seed=1299 → simulation_data_run1227_N10T8.csv (4923s elapsed)
  [1228/1230] N10T8 seed=4269 → simulation_data_run1228_N10T8.csv (4927s elapsed)
  [1229/1230] N10T8 seed=5839 → simulation_data_run1229_N10T8.csv (4931s elapsed)
  [1230/1230] N10T8 seed=6235 → simulation_data_run1230_N10T8.csv (4935s elapsed)
[STNF-SE] DONE — 1230 runs in 82.3 min
